Component: ARM Compiler 5.06 update 6 (build 750) Tool: armlink [4d35ed]

==============================================================================

Section Cross References

    main.o(i.SysTick_Handler) refers to led.o(i.led_on) for led_on
    main.o(i.SysTick_Handler) refers to led.o(i.led_off) for led_off
    main.o(i.SysTick_Handler) refers to main.o(.data) for count
    main.o(i.main) refers to _printf_percent.o(.ARM.Collect$$_printf_percent$$00000000) for _printf_percent
    main.o(i.main) refers to _printf_d.o(.ARM.Collect$$_printf_percent$$00000009) for _printf_d
    main.o(i.main) refers to _printf_dec.o(.text) for _printf_int_dec
    main.o(i.main) refers to system_lpc11xx.o(i.SystemInit) for SystemInit
    main.o(i.main) refers to main.o(i.NVIC_SetPriority) for NVIC_SetPriority
    main.o(i.main) refers to ssp.o(i.SPI_IOConfig) for SPI_IOConfig
    main.o(i.main) refers to ssp.o(i.SPI_Init) for SPI_Init
    main.o(i.main) refers to oled2864.o(i.OLED_Init_I) for OLED_Init_I
    main.o(i.main) refers to gpio.o(i.GPIOInit) for GPIOInit
    main.o(i.main) refers to led.o(i.led_init) for led_init
    main.o(i.main) refers to fan.o(i.fan_init) for fan_init
    main.o(i.main) refers to speaker.o(i.speaker_init) for speaker_init
    main.o(i.main) refers to oled2864.o(i.OLED_DisStrLine) for OLED_DisStrLine
    main.o(i.main) refers to speaker.o(i.speaker_on) for speaker_on
    main.o(i.main) refers to fan.o(i.fan_on) for fan_on
    main.o(i.main) refers to tools.o(i.delay_ms) for delay_ms
    main.o(i.main) refers to fan.o(i.fan_off) for fan_off
    main.o(i.main) refers to speaker.o(i.speaker_off) for speaker_off
    main.o(i.main) refers to speaker.o(i.timer16_interrupt) for timer16_interrupt
    main.o(i.main) refers to dht11.o(i.DHT11) for DHT11
    main.o(i.main) refers to noretval__2sprintf.o(.text) for __2sprintf
    main.o(i.main) refers to led.o(i.led_on) for led_on
    main.o(i.main) refers to speaker.o(i.timer16_ms) for timer16_ms
    main.o(i.main) refers to led.o(i.led_off) for led_off
    fan.o(i.fan_init) refers to gpio.o(i.GPIOSetDir) for GPIOSetDir
    fan.o(i.fan_init) refers to gpio.o(i.GPIOSetValue) for GPIOSetValue
    fan.o(i.fan_off) refers to gpio.o(i.GPIOSetValue) for GPIOSetValue
    fan.o(i.fan_on) refers to gpio.o(i.GPIOSetDir) for GPIOSetDir
    speaker.o(i.TIMER16_1_IRQHandler) refers to speaker.o(i.speaker_on) for speaker_on
    speaker.o(i.TIMER16_1_IRQHandler) refers to speaker.o(i.timer16_ms) for timer16_ms
    speaker.o(i.TIMER16_1_IRQHandler) refers to speaker.o(i.speaker_off) for speaker_off
    speaker.o(i.speaker_set_rate) refers to aeabi_sdiv.o(.text) for __aeabi_uidivmod
    speaker.o(i.timer16_interrupt) refers to aeabi_sdiv.o(.text) for __aeabi_uidivmod
    speaker.o(i.timer16_interrupt) refers to speaker.o(i.NVIC_SetPriority) for NVIC_SetPriority
    speaker.o(i.timer16_interrupt) refers to system_lpc11xx.o(.data) for SystemFrequency
    speaker.o(i.timer16_ms) refers to aeabi_sdiv.o(.text) for __aeabi_uidivmod
    speaker.o(i.timer16_ms) refers to system_lpc11xx.o(.data) for SystemFrequency
    dht11.o(i.DHT11) refers to tools.o(i.delay_ms) for delay_ms
    dht11.o(i.DHT11) refers to gpio.o(i.GPIOSetDir) for GPIOSetDir
    dht11.o(i.DHT11) refers to gpio.o(i.GPIOSetValue) for GPIOSetValue
    dht11.o(i.DHT11) refers to gpio.o(i.GPIOGetValue) for GPIOGetValue
    gpio.o(i.GPIOGetValue) refers to gpio.o(.constdata) for LPC_GPIO
    gpio.o(i.GPIOInit) refers to gpio.o(i.NVIC_EnableIRQ) for NVIC_EnableIRQ
    gpio.o(i.GPIOSetDir) refers to gpio.o(.constdata) for LPC_GPIO
    gpio.o(i.GPIOSetValue) refers to gpio.o(.constdata) for LPC_GPIO
    ssp.o(i.SPI_IOConfig) refers to gpio.o(i.GPIOSetDir) for GPIOSetDir
    ssp.o(i.SPI_IOConfig) refers to gpio.o(i.GPIOSetValue) for GPIOSetValue
    ssp.o(i.SPI_Init) refers to ssp.o(i.NVIC_EnableIRQ) for NVIC_EnableIRQ
    ssp.o(i.SSP0_IRQHandler) refers to ssp.o(.data) for interruptOverRunStat0
    ssp.o(i.SSP1_IRQHandler) refers to ssp.o(.data) for interruptOverRunStat1
    ssp.o(i.SSP_IOConfig) refers to gpio.o(i.GPIOSetDir) for GPIOSetDir
    ssp.o(i.SSP_IOConfig) refers to gpio.o(i.GPIOSetValue) for GPIOSetValue
    ssp.o(i.SSP_Init) refers to ssp.o(i.NVIC_EnableIRQ) for NVIC_EnableIRQ
    tools.o(i.delay_ms) refers to aeabi_sdiv.o(.text) for __aeabi_uidivmod
    oled2864.o(i.Checkerboard) refers to oled2864.o(i.Set_Start_Page) for Set_Start_Page
    oled2864.o(i.Checkerboard) refers to oled2864.o(i.Set_Start_Column) for Set_Start_Column
    oled2864.o(i.Checkerboard) refers to oled2864.o(i.Write_Data) for Write_Data
    oled2864.o(i.Continuous_Scroll) refers to oled2864.o(i.Write_Command) for Write_Command
    oled2864.o(i.Continuous_Scroll) refers to oled2864.o(i.Delay) for Delay
    oled2864.o(i.Deactivate_Scroll) refers to oled2864.o(i.Write_Command) for Write_Command
    oled2864.o(i.Delay) refers to oled2864.o(i.uDelay) for uDelay
    oled2864.o(i.Fade_In) refers to oled2864.o(i.Set_Display_On_Off) for Set_Display_On_Off
    oled2864.o(i.Fade_In) refers to oled2864.o(i.Set_Contrast_Control) for Set_Contrast_Control
    oled2864.o(i.Fade_In) refers to oled2864.o(i.uDelay) for uDelay
    oled2864.o(i.Fade_Out) refers to oled2864.o(i.Set_Contrast_Control) for Set_Contrast_Control
    oled2864.o(i.Fade_Out) refers to oled2864.o(i.uDelay) for uDelay
    oled2864.o(i.Fade_Out) refers to oled2864.o(i.Set_Display_On_Off) for Set_Display_On_Off
    oled2864.o(i.Fill_Block) refers to oled2864.o(i.Set_Start_Page) for Set_Start_Page
    oled2864.o(i.Fill_Block) refers to oled2864.o(i.Set_Start_Column) for Set_Start_Column
    oled2864.o(i.Fill_Block) refers to oled2864.o(i.Write_Data) for Write_Data
    oled2864.o(i.Fill_RAM) refers to oled2864.o(i.Set_Start_Page) for Set_Start_Page
    oled2864.o(i.Fill_RAM) refers to oled2864.o(i.Set_Start_Column) for Set_Start_Column
    oled2864.o(i.Fill_RAM) refers to oled2864.o(i.Write_Data) for Write_Data
    oled2864.o(i.Frame) refers to oled2864.o(i.Set_Start_Page) for Set_Start_Page
    oled2864.o(i.Frame) refers to oled2864.o(i.Set_Start_Column) for Set_Start_Column
    oled2864.o(i.Frame) refers to oled2864.o(i.Write_Data) for Write_Data
    oled2864.o(i.Horizontal_Scroll) refers to oled2864.o(i.Write_Command) for Write_Command
    oled2864.o(i.Horizontal_Scroll) refers to oled2864.o(i.Delay) for Delay
    oled2864.o(i.OLED_ClearScreen) refers to oled2864.o(i.Fill_RAM) for Fill_RAM
    oled2864.o(i.OLED_DisChar) refers to oled2864.o(i.Set_Start_Page) for Set_Start_Page
    oled2864.o(i.OLED_DisChar) refers to oled2864.o(i.Set_Start_Column) for Set_Start_Column
    oled2864.o(i.OLED_DisChar) refers to oled2864.o(i.Write_Data) for Write_Data
    oled2864.o(i.OLED_DisChar) refers to oled2864.o(.constdata) for Ascii_1
    oled2864.o(i.OLED_DisStrLine) refers to oled2864.o(i.OLED_DisChar) for OLED_DisChar
    oled2864.o(i.OLED_Init_E) refers to oled2864.o(i.Set_Display_On_Off) for Set_Display_On_Off
    oled2864.o(i.OLED_Init_E) refers to oled2864.o(i.Set_Display_Clock) for Set_Display_Clock
    oled2864.o(i.OLED_Init_E) refers to oled2864.o(i.Set_Multiplex_Ratio) for Set_Multiplex_Ratio
    oled2864.o(i.OLED_Init_E) refers to oled2864.o(i.Set_Display_Offset) for Set_Display_Offset
    oled2864.o(i.OLED_Init_E) refers to oled2864.o(i.Set_Start_Line) for Set_Start_Line
    oled2864.o(i.OLED_Init_E) refers to oled2864.o(i.Set_Charge_Pump) for Set_Charge_Pump
    oled2864.o(i.OLED_Init_E) refers to oled2864.o(i.Set_Addressing_Mode) for Set_Addressing_Mode
    oled2864.o(i.OLED_Init_E) refers to oled2864.o(i.Set_Segment_Remap) for Set_Segment_Remap
    oled2864.o(i.OLED_Init_E) refers to oled2864.o(i.Set_Common_Remap) for Set_Common_Remap
    oled2864.o(i.OLED_Init_E) refers to oled2864.o(i.Set_Common_Config) for Set_Common_Config
    oled2864.o(i.OLED_Init_E) refers to oled2864.o(i.Set_Contrast_Control) for Set_Contrast_Control
    oled2864.o(i.OLED_Init_E) refers to oled2864.o(i.Set_Precharge_Period) for Set_Precharge_Period
    oled2864.o(i.OLED_Init_E) refers to oled2864.o(i.Set_VCOMH) for Set_VCOMH
    oled2864.o(i.OLED_Init_E) refers to oled2864.o(i.Set_Entire_Display) for Set_Entire_Display
    oled2864.o(i.OLED_Init_E) refers to oled2864.o(i.Set_Inverse_Display) for Set_Inverse_Display
    oled2864.o(i.OLED_Init_E) refers to oled2864.o(i.Fill_RAM) for Fill_RAM
    oled2864.o(i.OLED_Init_I) refers to gpio.o(i.GPIOSetDir) for GPIOSetDir
    oled2864.o(i.OLED_Init_I) refers to oled2864.o(i.Set_Display_On_Off) for Set_Display_On_Off
    oled2864.o(i.OLED_Init_I) refers to oled2864.o(i.Set_Display_Clock) for Set_Display_Clock
    oled2864.o(i.OLED_Init_I) refers to oled2864.o(i.Set_Multiplex_Ratio) for Set_Multiplex_Ratio
    oled2864.o(i.OLED_Init_I) refers to oled2864.o(i.Set_Display_Offset) for Set_Display_Offset
    oled2864.o(i.OLED_Init_I) refers to oled2864.o(i.Set_Start_Line) for Set_Start_Line
    oled2864.o(i.OLED_Init_I) refers to oled2864.o(i.Set_Charge_Pump) for Set_Charge_Pump
    oled2864.o(i.OLED_Init_I) refers to oled2864.o(i.Set_Addressing_Mode) for Set_Addressing_Mode
    oled2864.o(i.OLED_Init_I) refers to oled2864.o(i.Set_Segment_Remap) for Set_Segment_Remap
    oled2864.o(i.OLED_Init_I) refers to oled2864.o(i.Set_Common_Remap) for Set_Common_Remap
    oled2864.o(i.OLED_Init_I) refers to oled2864.o(i.Set_Common_Config) for Set_Common_Config
    oled2864.o(i.OLED_Init_I) refers to oled2864.o(i.Set_Contrast_Control) for Set_Contrast_Control
    oled2864.o(i.OLED_Init_I) refers to oled2864.o(i.Set_Precharge_Period) for Set_Precharge_Period
    oled2864.o(i.OLED_Init_I) refers to oled2864.o(i.Set_VCOMH) for Set_VCOMH
    oled2864.o(i.OLED_Init_I) refers to oled2864.o(i.Set_Entire_Display) for Set_Entire_Display
    oled2864.o(i.OLED_Init_I) refers to oled2864.o(i.Set_Inverse_Display) for Set_Inverse_Display
    oled2864.o(i.OLED_Init_I) refers to oled2864.o(i.Fill_RAM) for Fill_RAM
    oled2864.o(i.OLED_Test) refers to oled2864.o(i.Fill_RAM) for Fill_RAM
    oled2864.o(i.OLED_Test) refers to oled2864.o(i.Show_Pattern) for Show_Pattern
    oled2864.o(i.OLED_Test) refers to oled2864.o(i.Delay) for Delay
    oled2864.o(i.OLED_Test) refers to oled2864.o(i.Fade_Out) for Fade_Out
    oled2864.o(i.OLED_Test) refers to oled2864.o(i.Fade_In) for Fade_In
    oled2864.o(i.OLED_Test) refers to oled2864.o(i.Vertical_Scroll) for Vertical_Scroll
    oled2864.o(i.OLED_Test) refers to oled2864.o(i.Deactivate_Scroll) for Deactivate_Scroll
    oled2864.o(i.OLED_Test) refers to oled2864.o(i.Continuous_Scroll) for Continuous_Scroll
    oled2864.o(i.OLED_Test) refers to oled2864.o(i.Checkerboard) for Checkerboard
    oled2864.o(i.OLED_Test) refers to oled2864.o(i.Frame) for Frame
    oled2864.o(i.OLED_Test) refers to oled2864.o(i.Show_String) for Show_String
    oled2864.o(i.OLED_Test) refers to oled2864.o(.constdata) for UniV
    oled2864.o(i.Set_Addressing_Mode) refers to oled2864.o(i.Write_Command) for Write_Command
    oled2864.o(i.Set_Charge_Pump) refers to oled2864.o(i.Write_Command) for Write_Command
    oled2864.o(i.Set_Column_Address) refers to oled2864.o(i.Write_Command) for Write_Command
    oled2864.o(i.Set_Common_Config) refers to oled2864.o(i.Write_Command) for Write_Command
    oled2864.o(i.Set_Common_Remap) refers to oled2864.o(i.Write_Command) for Write_Command
    oled2864.o(i.Set_Contrast_Control) refers to oled2864.o(i.Write_Command) for Write_Command
    oled2864.o(i.Set_Display_Clock) refers to oled2864.o(i.Write_Command) for Write_Command
    oled2864.o(i.Set_Display_Offset) refers to oled2864.o(i.Write_Command) for Write_Command
    oled2864.o(i.Set_Display_On_Off) refers to oled2864.o(i.Write_Command) for Write_Command
    oled2864.o(i.Set_Entire_Display) refers to oled2864.o(i.Write_Command) for Write_Command
    oled2864.o(i.Set_Inverse_Display) refers to oled2864.o(i.Write_Command) for Write_Command
    oled2864.o(i.Set_Multiplex_Ratio) refers to oled2864.o(i.Write_Command) for Write_Command
    oled2864.o(i.Set_NOP) refers to oled2864.o(i.Write_Command) for Write_Command
    oled2864.o(i.Set_Page_Address) refers to oled2864.o(i.Write_Command) for Write_Command
    oled2864.o(i.Set_Precharge_Period) refers to oled2864.o(i.Write_Command) for Write_Command
    oled2864.o(i.Set_Segment_Remap) refers to oled2864.o(i.Write_Command) for Write_Command
    oled2864.o(i.Set_Start_Column) refers to oled2864.o(i.Write_Command) for Write_Command
    oled2864.o(i.Set_Start_Line) refers to oled2864.o(i.Write_Command) for Write_Command
    oled2864.o(i.Set_Start_Page) refers to oled2864.o(i.Write_Command) for Write_Command
    oled2864.o(i.Set_VCOMH) refers to oled2864.o(i.Write_Command) for Write_Command
    oled2864.o(i.Show_Font57) refers to oled2864.o(i.Set_Start_Page) for Set_Start_Page
    oled2864.o(i.Show_Font57) refers to oled2864.o(i.Set_Start_Column) for Set_Start_Column
    oled2864.o(i.Show_Font57) refers to oled2864.o(i.Write_Data) for Write_Data
    oled2864.o(i.Show_Font57) refers to oled2864.o(.constdata) for Ascii_1
    oled2864.o(i.Show_Pattern) refers to oled2864.o(i.Set_Start_Page) for Set_Start_Page
    oled2864.o(i.Show_Pattern) refers to oled2864.o(i.Set_Start_Column) for Set_Start_Column
    oled2864.o(i.Show_Pattern) refers to oled2864.o(i.Write_Data) for Write_Data
    oled2864.o(i.Show_String) refers to oled2864.o(i.Show_Font57) for Show_Font57
    oled2864.o(i.Sleep) refers to oled2864.o(i.Set_Display_On_Off) for Set_Display_On_Off
    oled2864.o(i.Sleep) refers to oled2864.o(i.Set_Entire_Display) for Set_Entire_Display
    oled2864.o(i.Test) refers to oled2864.o(i.Set_Entire_Display) for Set_Entire_Display
    oled2864.o(i.Test) refers to oled2864.o(i.Set_Display_On_Off) for Set_Display_On_Off
    oled2864.o(i.Test) refers to oled2864.o(i.Delay) for Delay
    oled2864.o(i.Vertical_Scroll) refers to oled2864.o(i.Write_Command) for Write_Command
    oled2864.o(i.Vertical_Scroll) refers to oled2864.o(i.Set_Start_Line) for Set_Start_Line
    oled2864.o(i.Vertical_Scroll) refers to oled2864.o(i.uDelay) for uDelay
    oled2864.o(i.Write_Command) refers to gpio.o(i.GPIOSetValue) for GPIOSetValue
    oled2864.o(i.Write_Command) refers to ssp.o(i.SPI_PutGet) for SPI_PutGet
    oled2864.o(i.Write_Data) refers to gpio.o(i.GPIOSetValue) for GPIOSetValue
    oled2864.o(i.Write_Data) refers to ssp.o(i.SPI_PutGet) for SPI_PutGet
    startup_lpc11xx.o(STACK) refers (Special) to heapauxi.o(.text) for __use_two_region_memory
    startup_lpc11xx.o(HEAP) refers (Special) to heapauxi.o(.text) for __use_two_region_memory
    startup_lpc11xx.o(RESET) refers (Special) to heapauxi.o(.text) for __use_two_region_memory
    startup_lpc11xx.o(RESET) refers to startup_lpc11xx.o(STACK) for __initial_sp
    startup_lpc11xx.o(RESET) refers to startup_lpc11xx.o(.text) for Reset_Handler
    startup_lpc11xx.o(RESET) refers to main.o(i.SysTick_Handler) for SysTick_Handler
    startup_lpc11xx.o(RESET) refers to ssp.o(i.SSP1_IRQHandler) for SSP1_IRQHandler
    startup_lpc11xx.o(RESET) refers to speaker.o(i.TIMER16_1_IRQHandler) for TIMER16_1_IRQHandler
    startup_lpc11xx.o(RESET) refers to ssp.o(i.SSP0_IRQHandler) for SSP0_IRQHandler
    startup_lpc11xx.o(.ARM.__at_0x02FC) refers (Special) to heapauxi.o(.text) for __use_two_region_memory
    startup_lpc11xx.o(.text) refers (Special) to heapauxi.o(.text) for __use_two_region_memory
    startup_lpc11xx.o(.text) refers to __main.o(!!!main) for __main
    startup_lpc11xx.o(.text) refers to startup_lpc11xx.o(HEAP) for Heap_Mem
    startup_lpc11xx.o(.text) refers to startup_lpc11xx.o(STACK) for Stack_Mem
    system_lpc11xx.o(i.Main_PLL_Setup) refers to system_lpc11xx.o(.data) for ClockSource
    system_lpc11xx.o(i.SystemInit) refers to system_lpc11xx.o(i.Main_PLL_Setup) for Main_PLL_Setup
    __2sprintf.o(.text) refers to _printf_char_common.o(.text) for _printf_char_common
    __2sprintf.o(.text) refers to _sputc.o(.text) for _sputc
    noretval__2sprintf.o(.text) refers to _printf_char_common.o(.text) for _printf_char_common
    noretval__2sprintf.o(.text) refers to _sputc.o(.text) for _sputc
    __printf.o(.text) refers to _printf_percent.o(.ARM.Collect$$_printf_percent$$00000000) for _printf_percent
    _printf_dec.o(.text) refers to rtudiv10.o(.text) for __rt_udiv10
    _printf_dec.o(.text) refers to _printf_intcommon.o(.text) for _printf_int_common
    __printf_flags.o(.text) refers to _printf_percent.o(.ARM.Collect$$_printf_percent$$00000000) for _printf_percent
    __printf_flags.o(.text) refers to __printf_flags.o(.constdata) for .constdata
    __printf_ss.o(.text) refers to _printf_percent.o(.ARM.Collect$$_printf_percent$$00000000) for _printf_percent
    __printf_flags_ss.o(.text) refers to _printf_percent.o(.ARM.Collect$$_printf_percent$$00000000) for _printf_percent
    __printf_flags_ss.o(.text) refers to __printf_flags_ss.o(.constdata) for .constdata
    __printf_wp.o(.text) refers to __printf_wp.o(i._is_digit) for _is_digit
    __printf_wp.o(.text) refers to _printf_percent.o(.ARM.Collect$$_printf_percent$$00000000) for _printf_percent
    __printf_flags_wp.o(.text) refers to __printf_wp.o(i._is_digit) for _is_digit
    __printf_flags_wp.o(.text) refers to _printf_percent.o(.ARM.Collect$$_printf_percent$$00000000) for _printf_percent
    __printf_flags_wp.o(.text) refers to __printf_flags_wp.o(.constdata) for .constdata
    __printf_ss_wp.o(.text) refers to __printf_wp.o(i._is_digit) for _is_digit
    __printf_ss_wp.o(.text) refers to _printf_percent.o(.ARM.Collect$$_printf_percent$$00000000) for _printf_percent
    __printf_flags_ss_wp.o(.text) refers to __printf_wp.o(i._is_digit) for _is_digit
    __printf_flags_ss_wp.o(.text) refers to _printf_percent.o(.ARM.Collect$$_printf_percent$$00000000) for _printf_percent
    __printf_flags_ss_wp.o(.text) refers to __printf_flags_ss_wp.o(.constdata) for .constdata
    _printf_d.o(.ARM.Collect$$_printf_percent$$00000009) refers (Weak) to _printf_dec.o(.text) for _printf_int_dec
    _printf_percent.o(.ARM.Collect$$_printf_percent$$00000000) refers (Special) to _printf_percent_end.o(.ARM.Collect$$_printf_percent$$00000017) for _printf_percent_end
    __main.o(!!!main) refers to __rtentry.o(.ARM.Collect$$rtentry$$00000000) for __rt_entry
    __rtentry.o(.ARM.Collect$$rtentry$$00000000) refers (Special) to __rtentry2.o(.ARM.Collect$$rtentry$$0000000A) for __rt_entry_li
    __rtentry.o(.ARM.Collect$$rtentry$$00000000) refers (Special) to __rtentry2.o(.ARM.Collect$$rtentry$$0000000D) for __rt_entry_main
    __rtentry.o(.ARM.Collect$$rtentry$$00000000) refers (Special) to __rtentry2.o(.ARM.Collect$$rtentry$$0000000C) for __rt_entry_postli_1
    __rtentry.o(.ARM.Collect$$rtentry$$00000000) refers (Special) to __rtentry2.o(.ARM.Collect$$rtentry$$00000009) for __rt_entry_postsh_1
    __rtentry.o(.ARM.Collect$$rtentry$$00000000) refers (Special) to __rtentry2.o(.ARM.Collect$$rtentry$$00000002) for __rt_entry_presh_1
    __rtentry.o(.ARM.Collect$$rtentry$$00000000) refers (Special) to __rtentry4.o(.ARM.Collect$$rtentry$$00000004) for __rt_entry_sh
    aeabi_idiv0_sigfpe.o(.text) refers to rt_div0.o(.text) for __rt_div0
    _printf_char_common.o(.text) refers to __printf.o(.text) for __printf
    __rtentry2.o(.ARM.Collect$$rtentry$$00000008) refers to boardinit2.o(.text) for _platform_post_stackheap_init
    __rtentry2.o(.ARM.Collect$$rtentry$$0000000A) refers to libinit.o(.ARM.Collect$$libinit$$00000000) for __rt_lib_init
    __rtentry2.o(.ARM.Collect$$rtentry$$0000000B) refers to boardinit3.o(.text) for _platform_post_lib_init
    __rtentry2.o(.ARM.Collect$$rtentry$$0000000D) refers to main.o(i.main) for main
    __rtentry2.o(.ARM.Collect$$rtentry$$0000000D) refers to exit.o(.text) for exit
    __rtentry2.o(.ARM.exidx) refers to __rtentry2.o(.ARM.Collect$$rtentry$$00000001) for .ARM.Collect$$rtentry$$00000001
    __rtentry2.o(.ARM.exidx) refers to __rtentry2.o(.ARM.Collect$$rtentry$$00000008) for .ARM.Collect$$rtentry$$00000008
    __rtentry2.o(.ARM.exidx) refers to __rtentry2.o(.ARM.Collect$$rtentry$$0000000A) for .ARM.Collect$$rtentry$$0000000A
    __rtentry2.o(.ARM.exidx) refers to __rtentry2.o(.ARM.Collect$$rtentry$$0000000B) for .ARM.Collect$$rtentry$$0000000B
    __rtentry2.o(.ARM.exidx) refers to __rtentry2.o(.ARM.Collect$$rtentry$$0000000D) for .ARM.Collect$$rtentry$$0000000D
    __rtentry4.o(.ARM.Collect$$rtentry$$00000004) refers to sys_stackheap_outer.o(.text) for __user_setup_stackheap
    __rtentry4.o(.ARM.exidx) refers to __rtentry4.o(.ARM.Collect$$rtentry$$00000004) for .ARM.Collect$$rtentry$$00000004
    rt_div0.o(.text) refers to defsig_fpe_outer.o(.text) for __rt_SIGFPE
    sys_stackheap_outer.o(.text) refers to libspace.o(.text) for __user_perproc_libspace
    sys_stackheap_outer.o(.text) refers to startup_lpc11xx.o(.text) for __user_initial_stackheap
    sys_stackheap_outer.o(__vectab_stack_and_reset_area) refers to tempstk.o(.text) for __temporary_stack_top
    sys_stackheap_outer.o(__vectab_stack_and_reset_area) refers to __main.o(!!!main) for __main
    exit.o(.text) refers to rtexit.o(.ARM.Collect$$rtexit$$00000000) for __rt_exit
    defsig_fpe_outer.o(.text) refers to defsig_fpe_inner.o(.text) for __rt_SIGFPE_inner
    defsig_fpe_outer.o(.text) refers to defsig_exit.o(.text) for __sig_exit
    defsig_fpe_formal.o(.text) refers to rt_raise.o(.text) for __rt_raise
    libinit.o(.ARM.Collect$$libinit$$00000000) refers (Special) to libinit2.o(.ARM.Collect$$libinit$$0000002E) for __rt_lib_init_alloca_1
    libinit.o(.ARM.Collect$$libinit$$00000000) refers (Special) to libinit2.o(.ARM.Collect$$libinit$$0000002C) for __rt_lib_init_argv_1
    libinit.o(.ARM.Collect$$libinit$$00000000) refers (Special) to libinit2.o(.ARM.Collect$$libinit$$0000001B) for __rt_lib_init_atexit_1
    libinit.o(.ARM.Collect$$libinit$$00000000) refers (Special) to libinit2.o(.ARM.Collect$$libinit$$00000021) for __rt_lib_init_clock_1
    libinit.o(.ARM.Collect$$libinit$$00000000) refers (Special) to libinit2.o(.ARM.Collect$$libinit$$00000032) for __rt_lib_init_cpp_1
    libinit.o(.ARM.Collect$$libinit$$00000000) refers (Special) to libinit2.o(.ARM.Collect$$libinit$$00000030) for __rt_lib_init_exceptions_1
    libinit.o(.ARM.Collect$$libinit$$00000000) refers (Special) to libinit2.o(.ARM.Collect$$libinit$$00000002) for __rt_lib_init_fp_1
    libinit.o(.ARM.Collect$$libinit$$00000000) refers (Special) to libinit2.o(.ARM.Collect$$libinit$$0000001F) for __rt_lib_init_fp_trap_1
    libinit.o(.ARM.Collect$$libinit$$00000000) refers (Special) to libinit2.o(.ARM.Collect$$libinit$$00000023) for __rt_lib_init_getenv_1
    libinit.o(.ARM.Collect$$libinit$$00000000) refers (Special) to libinit2.o(.ARM.Collect$$libinit$$0000000A) for __rt_lib_init_heap_1
    libinit.o(.ARM.Collect$$libinit$$00000000) refers (Special) to libinit2.o(.ARM.Collect$$libinit$$00000011) for __rt_lib_init_lc_collate_1
    libinit.o(.ARM.Collect$$libinit$$00000000) refers (Special) to libinit2.o(.ARM.Collect$$libinit$$00000013) for __rt_lib_init_lc_ctype_1
    libinit.o(.ARM.Collect$$libinit$$00000000) refers (Special) to libinit2.o(.ARM.Collect$$libinit$$00000015) for __rt_lib_init_lc_monetary_1
    libinit.o(.ARM.Collect$$libinit$$00000000) refers (Special) to libinit2.o(.ARM.Collect$$libinit$$00000017) for __rt_lib_init_lc_numeric_1
    libinit.o(.ARM.Collect$$libinit$$00000000) refers (Special) to libinit2.o(.ARM.Collect$$libinit$$00000019) for __rt_lib_init_lc_time_1
    libinit.o(.ARM.Collect$$libinit$$00000000) refers (Special) to libinit2.o(.ARM.Collect$$libinit$$00000004) for __rt_lib_init_preinit_1
    libinit.o(.ARM.Collect$$libinit$$00000000) refers (Special) to libinit2.o(.ARM.Collect$$libinit$$0000000E) for __rt_lib_init_rand_1
    libinit.o(.ARM.Collect$$libinit$$00000000) refers (Special) to libinit2.o(.ARM.Collect$$libinit$$00000033) for __rt_lib_init_return
    libinit.o(.ARM.Collect$$libinit$$00000000) refers (Special) to libinit2.o(.ARM.Collect$$libinit$$0000001D) for __rt_lib_init_signal_1
    libinit.o(.ARM.Collect$$libinit$$00000000) refers (Special) to libinit2.o(.ARM.Collect$$libinit$$00000025) for __rt_lib_init_stdio_1
    libinit.o(.ARM.Collect$$libinit$$00000000) refers (Special) to libinit2.o(.ARM.Collect$$libinit$$0000000C) for __rt_lib_init_user_alloc_1
    libspace.o(.text) refers to libspace.o(.bss) for __libspace_start
    rtexit.o(.ARM.Collect$$rtexit$$00000000) refers (Special) to rtexit2.o(.ARM.Collect$$rtexit$$00000004) for __rt_exit_exit
    rtexit.o(.ARM.Collect$$rtexit$$00000000) refers (Special) to rtexit2.o(.ARM.Collect$$rtexit$$00000003) for __rt_exit_ls
    rtexit.o(.ARM.Collect$$rtexit$$00000000) refers (Special) to rtexit2.o(.ARM.Collect$$rtexit$$00000002) for __rt_exit_prels_1
    rtexit.o(.ARM.exidx) refers (Special) to rtexit2.o(.ARM.Collect$$rtexit$$00000004) for __rt_exit_exit
    rtexit.o(.ARM.exidx) refers (Special) to rtexit2.o(.ARM.Collect$$rtexit$$00000003) for __rt_exit_ls
    rtexit.o(.ARM.exidx) refers (Special) to rtexit2.o(.ARM.Collect$$rtexit$$00000002) for __rt_exit_prels_1
    rtexit.o(.ARM.exidx) refers to rtexit.o(.ARM.Collect$$rtexit$$00000000) for .ARM.Collect$$rtexit$$00000000
    rt_raise.o(.text) refers to __raise.o(.text) for __raise
    rt_raise.o(.text) refers to sys_exit.o(.text) for _sys_exit
    defsig_exit.o(.text) refers to sys_exit.o(.text) for _sys_exit
    defsig_fpe_inner.o(.text) refers to defsig_general.o(.text) for __default_signal_display
    libinit2.o(.ARM.Collect$$libinit$$00000010) refers to libinit2.o(.ARM.Collect$$libinit$$0000000F) for .ARM.Collect$$libinit$$0000000F
    libinit2.o(.ARM.Collect$$libinit$$00000012) refers to libinit2.o(.ARM.Collect$$libinit$$0000000F) for .ARM.Collect$$libinit$$0000000F
    libinit2.o(.ARM.Collect$$libinit$$00000014) refers to libinit2.o(.ARM.Collect$$libinit$$0000000F) for .ARM.Collect$$libinit$$0000000F
    libinit2.o(.ARM.Collect$$libinit$$00000016) refers to libinit2.o(.ARM.Collect$$libinit$$0000000F) for .ARM.Collect$$libinit$$0000000F
    libinit2.o(.ARM.Collect$$libinit$$00000018) refers to libinit2.o(.ARM.Collect$$libinit$$0000000F) for .ARM.Collect$$libinit$$0000000F
    libinit2.o(.ARM.Collect$$libinit$$00000026) refers to argv_veneer.o(.text) for __ARM_argv_veneer
    libinit2.o(.ARM.Collect$$libinit$$00000027) refers to argv_veneer.o(.text) for __ARM_argv_veneer
    sys_exit.o(.text) refers (Special) to use_no_semi.o(.text) for __I$use$semihosting
    sys_exit.o(.text) refers (Special) to indicate_semi.o(.text) for __semihosting_library_function
    rtexit2.o(.ARM.Collect$$rtexit$$00000003) refers to libshutdown.o(.ARM.Collect$$libshutdown$$00000000) for __rt_lib_shutdown
    rtexit2.o(.ARM.Collect$$rtexit$$00000004) refers to sys_exit.o(.text) for _sys_exit
    rtexit2.o(.ARM.exidx) refers to rtexit2.o(.ARM.Collect$$rtexit$$00000001) for .ARM.Collect$$rtexit$$00000001
    rtexit2.o(.ARM.exidx) refers to rtexit2.o(.ARM.Collect$$rtexit$$00000003) for .ARM.Collect$$rtexit$$00000003
    rtexit2.o(.ARM.exidx) refers to rtexit2.o(.ARM.Collect$$rtexit$$00000004) for .ARM.Collect$$rtexit$$00000004
    __raise.o(.text) refers to defsig.o(CL$$defsig) for __default_signal_handler
    defsig_general.o(.text) refers to sys_wrch.o(.text) for _ttywrch
    sys_wrch.o(.text) refers (Special) to use_no_semi.o(.text) for __I$use$semihosting
    sys_wrch.o(.text) refers (Special) to indicate_semi.o(.text) for __semihosting_library_function
    defsig.o(CL$$defsig) refers to defsig_fpe_inner.o(.text) for __rt_SIGFPE_inner
    defsig.o(CL$$defsig) refers to defsig_rtmem_inner.o(.text) for __rt_SIGRTMEM_inner
    _get_argv_nomalloc.o(.text) refers (Special) to hrguard.o(.text) for __heap_region$guard
    _get_argv_nomalloc.o(.text) refers to defsig_rtmem_outer.o(.text) for __rt_SIGRTMEM
    _get_argv_nomalloc.o(.text) refers to sys_command.o(.text) for _sys_command_string
    libshutdown.o(.ARM.Collect$$libshutdown$$00000000) refers (Special) to libshutdown2.o(.ARM.Collect$$libshutdown$$00000002) for __rt_lib_shutdown_cpp_1
    libshutdown.o(.ARM.Collect$$libshutdown$$00000000) refers (Special) to libshutdown2.o(.ARM.Collect$$libshutdown$$00000007) for __rt_lib_shutdown_fp_trap_1
    libshutdown.o(.ARM.Collect$$libshutdown$$00000000) refers (Special) to libshutdown2.o(.ARM.Collect$$libshutdown$$0000000F) for __rt_lib_shutdown_heap_1
    libshutdown.o(.ARM.Collect$$libshutdown$$00000000) refers (Special) to libshutdown2.o(.ARM.Collect$$libshutdown$$00000010) for __rt_lib_shutdown_return
    libshutdown.o(.ARM.Collect$$libshutdown$$00000000) refers (Special) to libshutdown2.o(.ARM.Collect$$libshutdown$$0000000A) for __rt_lib_shutdown_signal_1
    libshutdown.o(.ARM.Collect$$libshutdown$$00000000) refers (Special) to libshutdown2.o(.ARM.Collect$$libshutdown$$00000004) for __rt_lib_shutdown_stdio_1
    libshutdown.o(.ARM.Collect$$libshutdown$$00000000) refers (Special) to libshutdown2.o(.ARM.Collect$$libshutdown$$0000000C) for __rt_lib_shutdown_user_alloc_1
    sys_command.o(.text) refers (Special) to use_no_semi.o(.text) for __I$use$semihosting
    sys_command.o(.text) refers (Special) to indicate_semi.o(.text) for __semihosting_library_function
    defsig_abrt_inner.o(.text) refers to defsig_general.o(.text) for __default_signal_display
    defsig_rtred_inner.o(.text) refers to defsig_general.o(.text) for __default_signal_display
    defsig_rtmem_inner.o(.text) refers to defsig_general.o(.text) for __default_signal_display
    defsig_rtmem_outer.o(.text) refers to defsig_rtmem_inner.o(.text) for __rt_SIGRTMEM_inner
    defsig_rtmem_outer.o(.text) refers to defsig_exit.o(.text) for __sig_exit
    defsig_rtmem_formal.o(.text) refers to rt_raise.o(.text) for __rt_raise
    defsig_stak_inner.o(.text) refers to defsig_general.o(.text) for __default_signal_display
    defsig_pvfn_inner.o(.text) refers to defsig_general.o(.text) for __default_signal_display
    defsig_cppl_inner.o(.text) refers to defsig_general.o(.text) for __default_signal_display
    defsig_segv_inner.o(.text) refers to defsig_general.o(.text) for __default_signal_display
    defsig_other.o(.text) refers to defsig_general.o(.text) for __default_signal_display


==============================================================================

Removing Unused input sections from the image.

    Removing main.o(.constdata), (16 bytes).
    Removing fan.o(.constdata), (16 bytes).
    Removing speaker.o(i.speaker_set_rate), (64 bytes).
    Removing speaker.o(i.timer16_interrupt_start), (36 bytes).
    Removing dht11.o(.constdata), (16 bytes).
    Removing gpio.o(i.GPIOIntClear), (104 bytes).
    Removing gpio.o(i.GPIOIntDisable), (104 bytes).
    Removing gpio.o(i.GPIOIntEnable), (104 bytes).
    Removing gpio.o(i.GPIOIntStatus), (120 bytes).
    Removing gpio.o(i.GPIOSetInterrupt), (464 bytes).
    Removing ssp.o(i.SSP_IOConfig), (332 bytes).
    Removing ssp.o(i.SSP_Init), (116 bytes).
    Removing ssp.o(i.SSP_Receive), (84 bytes).
    Removing ssp.o(i.SSP_Send), (116 bytes).
    Removing ssp.o(.bss), (32 bytes).
    Removing ssp.o(.constdata), (16 bytes).
    Removing tools.o(.constdata), (16 bytes).
    Removing oled2864.o(i.Checkerboard), (52 bytes).
    Removing oled2864.o(i.Continuous_Scroll), (82 bytes).
    Removing oled2864.o(i.Deactivate_Scroll), (10 bytes).
    Removing oled2864.o(i.Delay), (48 bytes).
    Removing oled2864.o(i.Fade_In), (44 bytes).
    Removing oled2864.o(i.Fade_Out), (46 bytes).
    Removing oled2864.o(i.Fill_Block), (68 bytes).
    Removing oled2864.o(i.Frame), (108 bytes).
    Removing oled2864.o(i.Horizontal_Scroll), (58 bytes).
    Removing oled2864.o(i.OLED_ClearScreen), (10 bytes).
    Removing oled2864.o(i.OLED_Init_E), (106 bytes).
    Removing oled2864.o(i.OLED_Test), (388 bytes).
    Removing oled2864.o(i.Set_Column_Address), (26 bytes).
    Removing oled2864.o(i.Set_NOP), (10 bytes).
    Removing oled2864.o(i.Set_Page_Address), (26 bytes).
    Removing oled2864.o(i.Show_Font57), (92 bytes).
    Removing oled2864.o(i.Show_Pattern), (78 bytes).
    Removing oled2864.o(i.Show_String), (60 bytes).
    Removing oled2864.o(i.Sleep), (46 bytes).
    Removing oled2864.o(i.Test), (34 bytes).
    Removing oled2864.o(i.Vertical_Scroll), (124 bytes).
    Removing oled2864.o(i.uDelay), (14 bytes).

39 unused section(s) (total 3286 bytes) removed from the image.

==============================================================================

Image Symbol Table

    Local Symbols

    Symbol Name                              Value     Ov Type        Size  Object(Section)

    RESET                                    0x00000000   Section      192  startup_lpc11xx.o(RESET)
    ../clib/angel/boardlib.s                 0x00000000   Number         0  boardinit1.o ABSOLUTE
    ../clib/angel/boardlib.s                 0x00000000   Number         0  boardshut.o ABSOLUTE
    ../clib/angel/boardlib.s                 0x00000000   Number         0  boardinit2.o ABSOLUTE
    ../clib/angel/boardlib.s                 0x00000000   Number         0  boardinit3.o ABSOLUTE
    ../clib/angel/handlers.s                 0x00000000   Number         0  __scatter_zi.o ABSOLUTE
    ../clib/angel/handlers.s                 0x00000000   Number         0  __scatter_copy.o ABSOLUTE
    ../clib/angel/kernel.s                   0x00000000   Number         0  __rtentry.o ABSOLUTE
    ../clib/angel/kernel.s                   0x00000000   Number         0  __rtentry4.o ABSOLUTE
    ../clib/angel/kernel.s                   0x00000000   Number         0  __rtentry2.o ABSOLUTE
    ../clib/angel/kernel.s                   0x00000000   Number         0  rtexit2.o ABSOLUTE
    ../clib/angel/kernel.s                   0x00000000   Number         0  rtexit.o ABSOLUTE
    ../clib/angel/rt.s                       0x00000000   Number         0  aeabi_idiv0_sigfpe.o ABSOLUTE
    ../clib/angel/rt.s                       0x00000000   Number         0  aeabi_idiv0.o ABSOLUTE
    ../clib/angel/rt.s                       0x00000000   Number         0  rt_div0.o ABSOLUTE
    ../clib/angel/rt.s                       0x00000000   Number         0  rt_raise.o ABSOLUTE
    ../clib/angel/scatterp.s                 0x00000000   Number         0  __scatter.o ABSOLUTE
    ../clib/angel/startup.s                  0x00000000   Number         0  __main.o ABSOLUTE
    ../clib/angel/sys.s                      0x00000000   Number         0  use_no_semi.o ABSOLUTE
    ../clib/angel/sys.s                      0x00000000   Number         0  sys_stackheap_outer.o ABSOLUTE
    ../clib/angel/sys.s                      0x00000000   Number         0  indicate_semi.o ABSOLUTE
    ../clib/angel/sys.s                      0x00000000   Number         0  libspace.o ABSOLUTE
    ../clib/angel/sys.s                      0x00000000   Number         0  tempstk.o ABSOLUTE
    ../clib/angel/sysapp.c                   0x00000000   Number         0  sys_command.o ABSOLUTE
    ../clib/angel/sysapp.c                   0x00000000   Number         0  sys_wrch.o ABSOLUTE
    ../clib/angel/sysapp.c                   0x00000000   Number         0  sys_exit.o ABSOLUTE
    ../clib/armsys.c                         0x00000000   Number         0  _get_argv_nomalloc.o ABSOLUTE
    ../clib/armsys.c                         0x00000000   Number         0  no_argv.o ABSOLUTE
    ../clib/armsys.c                         0x00000000   Number         0  argv_veneer.o ABSOLUTE
    ../clib/division.c                       0x00000000   Number         0  rtudiv10.o ABSOLUTE
    ../clib/division.s                       0x00000000   Number         0  aeabi_sdiv.o ABSOLUTE
    ../clib/division.s                       0x00000000   Number         0  aeabi_sdiv_div0.o ABSOLUTE
    ../clib/heapalloc.c                      0x00000000   Number         0  hrguard.o ABSOLUTE
    ../clib/heapaux.c                        0x00000000   Number         0  heapauxi.o ABSOLUTE
    ../clib/libinit.s                        0x00000000   Number         0  libinit.o ABSOLUTE
    ../clib/libinit.s                        0x00000000   Number         0  libinit2.o ABSOLUTE
    ../clib/libinit.s                        0x00000000   Number         0  libshutdown2.o ABSOLUTE
    ../clib/libinit.s                        0x00000000   Number         0  libshutdown.o ABSOLUTE
    ../clib/printf.c                         0x00000000   Number         0  _printf_char_common.o ABSOLUTE
    ../clib/printf.c                         0x00000000   Number         0  _printf_dec.o ABSOLUTE
    ../clib/printf.c                         0x00000000   Number         0  _printf_intcommon.o ABSOLUTE
    ../clib/printf.c                         0x00000000   Number         0  __printf_ss.o ABSOLUTE
    ../clib/printf.c                         0x00000000   Number         0  __printf_flags_ss.o ABSOLUTE
    ../clib/printf.c                         0x00000000   Number         0  __printf_wp.o ABSOLUTE
    ../clib/printf.c                         0x00000000   Number         0  __printf_flags_wp.o ABSOLUTE
    ../clib/printf.c                         0x00000000   Number         0  __printf_ss_wp.o ABSOLUTE
    ../clib/printf.c                         0x00000000   Number         0  __printf_flags_ss_wp.o ABSOLUTE
    ../clib/printf.c                         0x00000000   Number         0  __printf_flags.o ABSOLUTE
    ../clib/printf.c                         0x00000000   Number         0  __printf_nopercent.o ABSOLUTE
    ../clib/printf.c                         0x00000000   Number         0  __2sprintf.o ABSOLUTE
    ../clib/printf.c                         0x00000000   Number         0  noretval__2sprintf.o ABSOLUTE
    ../clib/printf.c                         0x00000000   Number         0  _sputc.o ABSOLUTE
    ../clib/printf.c                         0x00000000   Number         0  __printf.o ABSOLUTE
    ../clib/printf_percent.s                 0x00000000   Number         0  _printf_d.o ABSOLUTE
    ../clib/printf_percent.s                 0x00000000   Number         0  _printf_percent.o ABSOLUTE
    ../clib/printf_percent.s                 0x00000000   Number         0  _printf_percent_end.o ABSOLUTE
    ../clib/signal.c                         0x00000000   Number         0  defsig_rtmem_outer.o ABSOLUTE
    ../clib/signal.c                         0x00000000   Number         0  defsig_other.o ABSOLUTE
    ../clib/signal.c                         0x00000000   Number         0  defsig_segv_inner.o ABSOLUTE
    ../clib/signal.c                         0x00000000   Number         0  defsig_cppl_inner.o ABSOLUTE
    ../clib/signal.c                         0x00000000   Number         0  defsig_pvfn_inner.o ABSOLUTE
    ../clib/signal.c                         0x00000000   Number         0  defsig_fpe_inner.o ABSOLUTE
    ../clib/signal.c                         0x00000000   Number         0  defsig_stak_inner.o ABSOLUTE
    ../clib/signal.c                         0x00000000   Number         0  defsig_rtmem_formal.o ABSOLUTE
    ../clib/signal.c                         0x00000000   Number         0  defsig_general.o ABSOLUTE
    ../clib/signal.c                         0x00000000   Number         0  __raise.o ABSOLUTE
    ../clib/signal.c                         0x00000000   Number         0  defsig_rtmem_inner.o ABSOLUTE
    ../clib/signal.c                         0x00000000   Number         0  defsig_rtred_inner.o ABSOLUTE
    ../clib/signal.c                         0x00000000   Number         0  defsig_abrt_inner.o ABSOLUTE
    ../clib/signal.c                         0x00000000   Number         0  defsig_exit.o ABSOLUTE
    ../clib/signal.c                         0x00000000   Number         0  defsig_fpe_formal.o ABSOLUTE
    ../clib/signal.c                         0x00000000   Number         0  defsig_fpe_outer.o ABSOLUTE
    ../clib/signal.s                         0x00000000   Number         0  defsig.o ABSOLUTE
    ../clib/stdlib.c                         0x00000000   Number         0  exit.o ABSOLUTE
    ../fplib/cfplib/fpinit.c                 0x00000000   Number         0  fpinit.o ABSOLUTE
    ..\Lib_BSP\src\oled2864.c                0x00000000   Number         0  oled2864.o ABSOLUTE
    ..\Lib_BSP\src\tools.c                   0x00000000   Number         0  tools.o ABSOLUTE
    ..\Lib_MCU\src\gpio.c                    0x00000000   Number         0  gpio.o ABSOLUTE
    ..\Lib_MCU\src\ssp.c                     0x00000000   Number         0  ssp.o ABSOLUTE
    ..\Lib_MCU\src\startup_LPC11xx.s         0x00000000   Number         0  startup_lpc11xx.o ABSOLUTE
    ..\Lib_MCU\src\system_LPC11xx.c          0x00000000   Number         0  system_lpc11xx.o ABSOLUTE
    DHT11.c                                  0x00000000   Number         0  dht11.o ABSOLUTE
    Src\main.c                               0x00000000   Number         0  main.o ABSOLUTE
    Src\speaker.c                            0x00000000   Number         0  speaker.o ABSOLUTE
    dc.s                                     0x00000000   Number         0  dc.o ABSOLUTE
    fan.c                                    0x00000000   Number         0  fan.o ABSOLUTE
    led.c                                    0x00000000   Number         0  led.o ABSOLUTE
    !!!main                                  0x000000c0   Section        8  __main.o(!!!main)
    !!!scatter                               0x000000c8   Section       60  __scatter.o(!!!scatter)
    !!handler_copy                           0x00000104   Section       26  __scatter_copy.o(!!handler_copy)
    !!handler_zi                             0x00000120   Section       28  __scatter_zi.o(!!handler_zi)
    .ARM.Collect$$_printf_percent$$00000000  0x0000013c   Section        2  _printf_percent.o(.ARM.Collect$$_printf_percent$$00000000)
    .ARM.Collect$$_printf_percent$$00000009  0x0000013e   Section       10  _printf_d.o(.ARM.Collect$$_printf_percent$$00000009)
    .ARM.Collect$$_printf_percent$$00000017  0x00000148   Section        4  _printf_percent_end.o(.ARM.Collect$$_printf_percent$$00000017)
    .ARM.Collect$$libinit$$00000000          0x0000014c   Section        2  libinit.o(.ARM.Collect$$libinit$$00000000)
    .ARM.Collect$$libinit$$00000002          0x0000014e   Section        0  libinit2.o(.ARM.Collect$$libinit$$00000002)
    .ARM.Collect$$libinit$$00000004          0x0000014e   Section        0  libinit2.o(.ARM.Collect$$libinit$$00000004)
    .ARM.Collect$$libinit$$0000000A          0x0000014e   Section        0  libinit2.o(.ARM.Collect$$libinit$$0000000A)
    .ARM.Collect$$libinit$$0000000C          0x0000014e   Section        0  libinit2.o(.ARM.Collect$$libinit$$0000000C)
    .ARM.Collect$$libinit$$0000000E          0x0000014e   Section        0  libinit2.o(.ARM.Collect$$libinit$$0000000E)
    .ARM.Collect$$libinit$$00000011          0x0000014e   Section        0  libinit2.o(.ARM.Collect$$libinit$$00000011)
    .ARM.Collect$$libinit$$00000013          0x0000014e   Section        0  libinit2.o(.ARM.Collect$$libinit$$00000013)
    .ARM.Collect$$libinit$$00000015          0x0000014e   Section        0  libinit2.o(.ARM.Collect$$libinit$$00000015)
    .ARM.Collect$$libinit$$00000017          0x0000014e   Section        0  libinit2.o(.ARM.Collect$$libinit$$00000017)
    .ARM.Collect$$libinit$$00000019          0x0000014e   Section        0  libinit2.o(.ARM.Collect$$libinit$$00000019)
    .ARM.Collect$$libinit$$0000001B          0x0000014e   Section        0  libinit2.o(.ARM.Collect$$libinit$$0000001B)
    .ARM.Collect$$libinit$$0000001D          0x0000014e   Section        0  libinit2.o(.ARM.Collect$$libinit$$0000001D)
    .ARM.Collect$$libinit$$0000001F          0x0000014e   Section        0  libinit2.o(.ARM.Collect$$libinit$$0000001F)
    .ARM.Collect$$libinit$$00000021          0x0000014e   Section        0  libinit2.o(.ARM.Collect$$libinit$$00000021)
    .ARM.Collect$$libinit$$00000023          0x0000014e   Section        0  libinit2.o(.ARM.Collect$$libinit$$00000023)
    .ARM.Collect$$libinit$$00000025          0x0000014e   Section        0  libinit2.o(.ARM.Collect$$libinit$$00000025)
    .ARM.Collect$$libinit$$0000002C          0x0000014e   Section        0  libinit2.o(.ARM.Collect$$libinit$$0000002C)
    .ARM.Collect$$libinit$$0000002E          0x0000014e   Section        0  libinit2.o(.ARM.Collect$$libinit$$0000002E)
    .ARM.Collect$$libinit$$00000030          0x0000014e   Section        0  libinit2.o(.ARM.Collect$$libinit$$00000030)
    .ARM.Collect$$libinit$$00000032          0x0000014e   Section        0  libinit2.o(.ARM.Collect$$libinit$$00000032)
    .ARM.Collect$$libinit$$00000033          0x0000014e   Section        2  libinit2.o(.ARM.Collect$$libinit$$00000033)
    .ARM.Collect$$libshutdown$$00000000      0x00000150   Section        2  libshutdown.o(.ARM.Collect$$libshutdown$$00000000)
    .ARM.Collect$$libshutdown$$00000002      0x00000152   Section        0  libshutdown2.o(.ARM.Collect$$libshutdown$$00000002)
    .ARM.Collect$$libshutdown$$00000004      0x00000152   Section        0  libshutdown2.o(.ARM.Collect$$libshutdown$$00000004)
    .ARM.Collect$$libshutdown$$00000007      0x00000152   Section        0  libshutdown2.o(.ARM.Collect$$libshutdown$$00000007)
    .ARM.Collect$$libshutdown$$0000000A      0x00000152   Section        0  libshutdown2.o(.ARM.Collect$$libshutdown$$0000000A)
    .ARM.Collect$$libshutdown$$0000000C      0x00000152   Section        0  libshutdown2.o(.ARM.Collect$$libshutdown$$0000000C)
    .ARM.Collect$$libshutdown$$0000000F      0x00000152   Section        0  libshutdown2.o(.ARM.Collect$$libshutdown$$0000000F)
    .ARM.Collect$$libshutdown$$00000010      0x00000152   Section        2  libshutdown2.o(.ARM.Collect$$libshutdown$$00000010)
    .ARM.Collect$$rtentry$$00000000          0x00000154   Section        0  __rtentry.o(.ARM.Collect$$rtentry$$00000000)
    .ARM.Collect$$rtentry$$00000002          0x00000154   Section        0  __rtentry2.o(.ARM.Collect$$rtentry$$00000002)
    .ARM.Collect$$rtentry$$00000004          0x00000154   Section        6  __rtentry4.o(.ARM.Collect$$rtentry$$00000004)
    .ARM.Collect$$rtentry$$00000009          0x0000015a   Section        0  __rtentry2.o(.ARM.Collect$$rtentry$$00000009)
    .ARM.Collect$$rtentry$$0000000A          0x0000015a   Section        4  __rtentry2.o(.ARM.Collect$$rtentry$$0000000A)
    .ARM.Collect$$rtentry$$0000000C          0x0000015e   Section        0  __rtentry2.o(.ARM.Collect$$rtentry$$0000000C)
    .ARM.Collect$$rtentry$$0000000D          0x0000015e   Section        8  __rtentry2.o(.ARM.Collect$$rtentry$$0000000D)
    .ARM.Collect$$rtexit$$00000000           0x00000166   Section        2  rtexit.o(.ARM.Collect$$rtexit$$00000000)
    .ARM.Collect$$rtexit$$00000002           0x00000168   Section        0  rtexit2.o(.ARM.Collect$$rtexit$$00000002)
    .ARM.Collect$$rtexit$$00000003           0x00000168   Section        4  rtexit2.o(.ARM.Collect$$rtexit$$00000003)
    .ARM.Collect$$rtexit$$00000004           0x0000016c   Section        6  rtexit2.o(.ARM.Collect$$rtexit$$00000004)
    .text                                    0x00000174   Section       52  startup_lpc11xx.o(.text)
    .text                                    0x000001a8   Section        0  noretval__2sprintf.o(.text)
    .text                                    0x000001d0   Section        0  __printf.o(.text)
    .text                                    0x0000023c   Section        0  _printf_dec.o(.text)
    .text                                    0x000002a8   Section        0  heapauxi.o(.text)
    .text                                    0x000002b0   Section        0  _printf_char_common.o(.text)
    _printf_input_char                       0x000002b1   Thumb Code    10  _printf_char_common.o(.text)
    .text                                    0x000002e0   Section        0  _sputc.o(.text)
    .text                                    0x000002ea   Section        0  exit.o(.text)
    .text                                    0x000002fa   Section        2  use_no_semi.o(.text)
    .ARM.__at_0x02FC                         0x000002fc   Section        4  startup_lpc11xx.o(.ARM.__at_0x02FC)
    .text                                    0x00000300   Section      346  aeabi_sdiv.o(.text)
    .text                                    0x0000045a   Section        0  _printf_intcommon.o(.text)
    .text                                    0x0000050a   Section        0  rtudiv10.o(.text)
    .text                                    0x00000532   Section       62  sys_stackheap_outer.o(.text)
    .text                                    0x00000570   Section        8  libspace.o(.text)
    .text                                    0x00000578   Section        0  sys_exit.o(.text)
    .text                                    0x00000584   Section        0  indicate_semi.o(.text)
    i.DHT11                                  0x00000584   Section        0  dht11.o(i.DHT11)
    i.Fill_RAM                               0x00000702   Section        0  oled2864.o(i.Fill_RAM)
    i.GPIOGetValue                           0x00000734   Section        0  gpio.o(i.GPIOGetValue)
    i.GPIOInit                               0x0000074c   Section        0  gpio.o(i.GPIOInit)
    i.GPIOSetDir                             0x00000778   Section        0  gpio.o(i.GPIOSetDir)
    i.GPIOSetValue                           0x000007cc   Section        0  gpio.o(i.GPIOSetValue)
    i.Main_PLL_Setup                         0x000007e8   Section        0  system_lpc11xx.o(i.Main_PLL_Setup)
    i.NVIC_EnableIRQ                         0x00000890   Section        0  gpio.o(i.NVIC_EnableIRQ)
    NVIC_EnableIRQ                           0x00000891   Thumb Code    14  gpio.o(i.NVIC_EnableIRQ)
    i.NVIC_EnableIRQ                         0x000008a4   Section        0  ssp.o(i.NVIC_EnableIRQ)
    NVIC_EnableIRQ                           0x000008a5   Thumb Code    14  ssp.o(i.NVIC_EnableIRQ)
    i.NVIC_SetPriority                       0x000008b8   Section        0  main.o(i.NVIC_SetPriority)
    NVIC_SetPriority                         0x000008b9   Thumb Code   110  main.o(i.NVIC_SetPriority)
    i.NVIC_SetPriority                       0x00000930   Section        0  speaker.o(i.NVIC_SetPriority)
    NVIC_SetPriority                         0x00000931   Thumb Code   110  speaker.o(i.NVIC_SetPriority)
    i.OLED_DisChar                           0x000009a8   Section        0  oled2864.o(i.OLED_DisChar)
    i.OLED_DisStrLine                        0x00000a24   Section        0  oled2864.o(i.OLED_DisStrLine)
    i.OLED_Init_I                            0x00000a68   Section        0  oled2864.o(i.OLED_Init_I)
    i.SPI_IOConfig                           0x00000adc   Section        0  ssp.o(i.SPI_IOConfig)
    i.SPI_Init                               0x00000c6c   Section        0  ssp.o(i.SPI_Init)
    i.SPI_PutGet                             0x00000cf0   Section        0  ssp.o(i.SPI_PutGet)
    i.SSP0_IRQHandler                        0x00000d6c   Section        0  ssp.o(i.SSP0_IRQHandler)
    i.SSP1_IRQHandler                        0x00000dc4   Section        0  ssp.o(i.SSP1_IRQHandler)
    i.Set_Addressing_Mode                    0x00000e1c   Section        0  oled2864.o(i.Set_Addressing_Mode)
    i.Set_Charge_Pump                        0x00000e2e   Section        0  oled2864.o(i.Set_Charge_Pump)
    i.Set_Common_Config                      0x00000e44   Section        0  oled2864.o(i.Set_Common_Config)
    i.Set_Common_Remap                       0x00000e5a   Section        0  oled2864.o(i.Set_Common_Remap)
    i.Set_Contrast_Control                   0x00000e6a   Section        0  oled2864.o(i.Set_Contrast_Control)
    i.Set_Display_Clock                      0x00000e7c   Section        0  oled2864.o(i.Set_Display_Clock)
    i.Set_Display_Offset                     0x00000e8e   Section        0  oled2864.o(i.Set_Display_Offset)
    i.Set_Display_On_Off                     0x00000ea0   Section        0  oled2864.o(i.Set_Display_On_Off)
    i.Set_Entire_Display                     0x00000eb0   Section        0  oled2864.o(i.Set_Entire_Display)
    i.Set_Inverse_Display                    0x00000ec0   Section        0  oled2864.o(i.Set_Inverse_Display)
    i.Set_Multiplex_Ratio                    0x00000ed0   Section        0  oled2864.o(i.Set_Multiplex_Ratio)
    i.Set_Precharge_Period                   0x00000ee2   Section        0  oled2864.o(i.Set_Precharge_Period)
    i.Set_Segment_Remap                      0x00000ef4   Section        0  oled2864.o(i.Set_Segment_Remap)
    i.Set_Start_Column                       0x00000f04   Section        0  oled2864.o(i.Set_Start_Column)
    i.Set_Start_Line                         0x00000f30   Section        0  oled2864.o(i.Set_Start_Line)
    i.Set_Start_Page                         0x00000f40   Section        0  oled2864.o(i.Set_Start_Page)
    i.Set_VCOMH                              0x00000f50   Section        0  oled2864.o(i.Set_VCOMH)
    i.SysTick_Handler                        0x00000f64   Section        0  main.o(i.SysTick_Handler)
    i.SystemInit                             0x00000fa4   Section        0  system_lpc11xx.o(i.SystemInit)
    i.TIMER16_1_IRQHandler                   0x00000fe8   Section        0  speaker.o(i.TIMER16_1_IRQHandler)
    i.Write_Command                          0x00001018   Section        0  oled2864.o(i.Write_Command)
    i.Write_Data                             0x0000104e   Section        0  oled2864.o(i.Write_Data)
    i.delay_ms                               0x00001084   Section        0  tools.o(i.delay_ms)
    i.fan_init                               0x00001118   Section        0  fan.o(i.fan_init)
    i.fan_off                                0x00001130   Section        0  fan.o(i.fan_off)
    i.fan_on                                 0x0000113e   Section        0  fan.o(i.fan_on)
    i.led_init                               0x0000114c   Section        0  led.o(i.led_init)
    i.led_off                                0x00001188   Section        0  led.o(i.led_off)
    i.led_on                                 0x000011b0   Section        0  led.o(i.led_on)
    i.main                                   0x000011d8   Section        0  main.o(i.main)
    i.speaker_init                           0x00001318   Section        0  speaker.o(i.speaker_init)
    i.speaker_off                            0x0000137c   Section        0  speaker.o(i.speaker_off)
    i.speaker_on                             0x00001388   Section        0  speaker.o(i.speaker_on)
    i.timer16_interrupt                      0x00001394   Section        0  speaker.o(i.timer16_interrupt)
    i.timer16_ms                             0x00001410   Section        0  speaker.o(i.timer16_ms)
    .constdata                               0x00001478   Section       16  gpio.o(.constdata)
    LPC_GPIO                                 0x00001478   Data          16  gpio.o(.constdata)
    .constdata                               0x00001488   Section     1948  oled2864.o(.constdata)
    LPC_GPIO                                 0x00001488   Data          16  oled2864.o(.constdata)
    .data                                    0x10000000   Section        4  main.o(.data)
    count                                    0x10000000   Data           4  main.o(.data)
    .data                                    0x10000004   Section       24  ssp.o(.data)
    .data                                    0x1000001c   Section       12  system_lpc11xx.o(.data)
    .bss                                     0x10000028   Section       96  libspace.o(.bss)
    HEAP                                     0x10000088   Section        0  startup_lpc11xx.o(HEAP)
    STACK                                    0x10000088   Section      512  startup_lpc11xx.o(STACK)
    Heap_Mem                                 0x10000088   Data           0  startup_lpc11xx.o(HEAP)
    Stack_Mem                                0x10000088   Data         512  startup_lpc11xx.o(STACK)
    __initial_sp                             0x10000288   Data           0  startup_lpc11xx.o(STACK)

    Global Symbols

    Symbol Name                              Value     Ov Type        Size  Object(Section)

    BuildAttributes$$THM_ISAv3M$S$PE$A:L22$X:L11$S22$IEEE1$IW$USESV6$~STKCKD$USESV7$~SHL$OSPACE$ROPI$EBA8$UX$STANDARDLIB$REQ8$PRES8$EABIv2 0x00000000   Number         0  anon$$obj.o ABSOLUTE
    __ARM_use_no_argv                        0x00000000   Number         0  main.o ABSOLUTE
    __Vectors                                0x00000000   Data           4  startup_lpc11xx.o(RESET)
    __ARM_exceptions_init                     - Undefined Weak Reference
    __alloca_initialize                       - Undefined Weak Reference
    __arm_preinit_                            - Undefined Weak Reference
    __cpp_initialize__aeabi_                  - Undefined Weak Reference
    __cxa_finalize                            - Undefined Weak Reference
    __rt_locale                               - Undefined Weak Reference
    __sigvec_lookup                           - Undefined Weak Reference
    _atexit_init                              - Undefined Weak Reference
    _call_atexit_fns                          - Undefined Weak Reference
    _clock_init                               - Undefined Weak Reference
    _fp_trap_init                             - Undefined Weak Reference
    _fp_trap_shutdown                         - Undefined Weak Reference
    _get_lc_collate                           - Undefined Weak Reference
    _get_lc_ctype                             - Undefined Weak Reference
    _get_lc_monetary                          - Undefined Weak Reference
    _get_lc_numeric                           - Undefined Weak Reference
    _get_lc_time                              - Undefined Weak Reference
    _getenv_init                              - Undefined Weak Reference
    _handle_redirection                       - Undefined Weak Reference
    _init_alloc                               - Undefined Weak Reference
    _init_user_alloc                          - Undefined Weak Reference
    _initio                                   - Undefined Weak Reference
    _printf_post_padding                      - Undefined Weak Reference
    _printf_pre_padding                       - Undefined Weak Reference
    _printf_truncate_signed                   - Undefined Weak Reference
    _printf_truncate_unsigned                 - Undefined Weak Reference
    _rand_init                                - Undefined Weak Reference
    _signal_finish                            - Undefined Weak Reference
    _signal_init                              - Undefined Weak Reference
    _terminate_alloc                          - Undefined Weak Reference
    _terminate_user_alloc                     - Undefined Weak Reference
    _terminateio                              - Undefined Weak Reference
    __main                                   0x000000c1   Thumb Code     8  __main.o(!!!main)
    __scatterload                            0x000000c9   Thumb Code     0  __scatter.o(!!!scatter)
    __scatterload_rt2                        0x000000c9   Thumb Code    52  __scatter.o(!!!scatter)
    __scatterload_rt2_thumb_only             0x000000c9   Thumb Code     0  __scatter.o(!!!scatter)
    __scatterload_null                       0x000000d9   Thumb Code     0  __scatter.o(!!!scatter)
    __scatterload_copy                       0x00000105   Thumb Code    26  __scatter_copy.o(!!handler_copy)
    __scatterload_zeroinit                   0x00000121   Thumb Code    28  __scatter_zi.o(!!handler_zi)
    _printf_percent                          0x0000013d   Thumb Code     0  _printf_percent.o(.ARM.Collect$$_printf_percent$$00000000)
    _printf_d                                0x0000013f   Thumb Code     0  _printf_d.o(.ARM.Collect$$_printf_percent$$00000009)
    _printf_percent_end                      0x00000149   Thumb Code     0  _printf_percent_end.o(.ARM.Collect$$_printf_percent$$00000017)
    __rt_lib_init                            0x0000014d   Thumb Code     0  libinit.o(.ARM.Collect$$libinit$$00000000)
    __rt_lib_init_alloca_1                   0x0000014f   Thumb Code     0  libinit2.o(.ARM.Collect$$libinit$$0000002E)
    __rt_lib_init_argv_1                     0x0000014f   Thumb Code     0  libinit2.o(.ARM.Collect$$libinit$$0000002C)
    __rt_lib_init_atexit_1                   0x0000014f   Thumb Code     0  libinit2.o(.ARM.Collect$$libinit$$0000001B)
    __rt_lib_init_clock_1                    0x0000014f   Thumb Code     0  libinit2.o(.ARM.Collect$$libinit$$00000021)
    __rt_lib_init_cpp_1                      0x0000014f   Thumb Code     0  libinit2.o(.ARM.Collect$$libinit$$00000032)
    __rt_lib_init_exceptions_1               0x0000014f   Thumb Code     0  libinit2.o(.ARM.Collect$$libinit$$00000030)
    __rt_lib_init_fp_1                       0x0000014f   Thumb Code     0  libinit2.o(.ARM.Collect$$libinit$$00000002)
    __rt_lib_init_fp_trap_1                  0x0000014f   Thumb Code     0  libinit2.o(.ARM.Collect$$libinit$$0000001F)
    __rt_lib_init_getenv_1                   0x0000014f   Thumb Code     0  libinit2.o(.ARM.Collect$$libinit$$00000023)
    __rt_lib_init_heap_1                     0x0000014f   Thumb Code     0  libinit2.o(.ARM.Collect$$libinit$$0000000A)
    __rt_lib_init_lc_collate_1               0x0000014f   Thumb Code     0  libinit2.o(.ARM.Collect$$libinit$$00000011)
    __rt_lib_init_lc_ctype_1                 0x0000014f   Thumb Code     0  libinit2.o(.ARM.Collect$$libinit$$00000013)
    __rt_lib_init_lc_monetary_1              0x0000014f   Thumb Code     0  libinit2.o(.ARM.Collect$$libinit$$00000015)
    __rt_lib_init_lc_numeric_1               0x0000014f   Thumb Code     0  libinit2.o(.ARM.Collect$$libinit$$00000017)
    __rt_lib_init_lc_time_1                  0x0000014f   Thumb Code     0  libinit2.o(.ARM.Collect$$libinit$$00000019)
    __rt_lib_init_preinit_1                  0x0000014f   Thumb Code     0  libinit2.o(.ARM.Collect$$libinit$$00000004)
    __rt_lib_init_rand_1                     0x0000014f   Thumb Code     0  libinit2.o(.ARM.Collect$$libinit$$0000000E)
    __rt_lib_init_return                     0x0000014f   Thumb Code     0  libinit2.o(.ARM.Collect$$libinit$$00000033)
    __rt_lib_init_signal_1                   0x0000014f   Thumb Code     0  libinit2.o(.ARM.Collect$$libinit$$0000001D)
    __rt_lib_init_stdio_1                    0x0000014f   Thumb Code     0  libinit2.o(.ARM.Collect$$libinit$$00000025)
    __rt_lib_init_user_alloc_1               0x0000014f   Thumb Code     0  libinit2.o(.ARM.Collect$$libinit$$0000000C)
    __rt_lib_shutdown                        0x00000151   Thumb Code     0  libshutdown.o(.ARM.Collect$$libshutdown$$00000000)
    __rt_lib_shutdown_cpp_1                  0x00000153   Thumb Code     0  libshutdown2.o(.ARM.Collect$$libshutdown$$00000002)
    __rt_lib_shutdown_fp_trap_1              0x00000153   Thumb Code     0  libshutdown2.o(.ARM.Collect$$libshutdown$$00000007)
    __rt_lib_shutdown_heap_1                 0x00000153   Thumb Code     0  libshutdown2.o(.ARM.Collect$$libshutdown$$0000000F)
    __rt_lib_shutdown_return                 0x00000153   Thumb Code     0  libshutdown2.o(.ARM.Collect$$libshutdown$$00000010)
    __rt_lib_shutdown_signal_1               0x00000153   Thumb Code     0  libshutdown2.o(.ARM.Collect$$libshutdown$$0000000A)
    __rt_lib_shutdown_stdio_1                0x00000153   Thumb Code     0  libshutdown2.o(.ARM.Collect$$libshutdown$$00000004)
    __rt_lib_shutdown_user_alloc_1           0x00000153   Thumb Code     0  libshutdown2.o(.ARM.Collect$$libshutdown$$0000000C)
    __rt_entry                               0x00000155   Thumb Code     0  __rtentry.o(.ARM.Collect$$rtentry$$00000000)
    __rt_entry_presh_1                       0x00000155   Thumb Code     0  __rtentry2.o(.ARM.Collect$$rtentry$$00000002)
    __rt_entry_sh                            0x00000155   Thumb Code     0  __rtentry4.o(.ARM.Collect$$rtentry$$00000004)
    __rt_entry_li                            0x0000015b   Thumb Code     0  __rtentry2.o(.ARM.Collect$$rtentry$$0000000A)
    __rt_entry_postsh_1                      0x0000015b   Thumb Code     0  __rtentry2.o(.ARM.Collect$$rtentry$$00000009)
    __rt_entry_main                          0x0000015f   Thumb Code     0  __rtentry2.o(.ARM.Collect$$rtentry$$0000000D)
    __rt_entry_postli_1                      0x0000015f   Thumb Code     0  __rtentry2.o(.ARM.Collect$$rtentry$$0000000C)
    __rt_exit                                0x00000167   Thumb Code     0  rtexit.o(.ARM.Collect$$rtexit$$00000000)
    __rt_exit_ls                             0x00000169   Thumb Code     0  rtexit2.o(.ARM.Collect$$rtexit$$00000003)
    __rt_exit_prels_1                        0x00000169   Thumb Code     0  rtexit2.o(.ARM.Collect$$rtexit$$00000002)
    __rt_exit_exit                           0x0000016d   Thumb Code     0  rtexit2.o(.ARM.Collect$$rtexit$$00000004)
    Reset_Handler                            0x00000175   Thumb Code     4  startup_lpc11xx.o(.text)
    NMI_Handler                              0x00000179   Thumb Code     2  startup_lpc11xx.o(.text)
    HardFault_Handler                        0x0000017b   Thumb Code     2  startup_lpc11xx.o(.text)
    MemManage_Handler                        0x0000017d   Thumb Code     2  startup_lpc11xx.o(.text)
    BusFault_Handler                         0x0000017f   Thumb Code     2  startup_lpc11xx.o(.text)
    UsageFault_Handler                       0x00000181   Thumb Code     2  startup_lpc11xx.o(.text)
    SVC_Handler                              0x00000183   Thumb Code     2  startup_lpc11xx.o(.text)
    DebugMon_Handler                         0x00000185   Thumb Code     2  startup_lpc11xx.o(.text)
    PendSV_Handler                           0x00000187   Thumb Code     2  startup_lpc11xx.o(.text)
    ADC_IRQHandler                           0x0000018b   Thumb Code     0  startup_lpc11xx.o(.text)
    BOD_IRQHandler                           0x0000018b   Thumb Code     0  startup_lpc11xx.o(.text)
    CAN_IRQHandler                           0x0000018b   Thumb Code     0  startup_lpc11xx.o(.text)
    FMC_IRQHandler                           0x0000018b   Thumb Code     0  startup_lpc11xx.o(.text)
    I2C_IRQHandler                           0x0000018b   Thumb Code     0  startup_lpc11xx.o(.text)
    PIOINT0_IRQHandler                       0x0000018b   Thumb Code     0  startup_lpc11xx.o(.text)
    PIOINT1_IRQHandler                       0x0000018b   Thumb Code     0  startup_lpc11xx.o(.text)
    PIOINT2_IRQHandler                       0x0000018b   Thumb Code     0  startup_lpc11xx.o(.text)
    PIOINT3_IRQHandler                       0x0000018b   Thumb Code     0  startup_lpc11xx.o(.text)
    TIMER16_0_IRQHandler                     0x0000018b   Thumb Code     0  startup_lpc11xx.o(.text)
    TIMER32_0_IRQHandler                     0x0000018b   Thumb Code     0  startup_lpc11xx.o(.text)
    TIMER32_1_IRQHandler                     0x0000018b   Thumb Code     0  startup_lpc11xx.o(.text)
    UART_IRQHandler                          0x0000018b   Thumb Code     0  startup_lpc11xx.o(.text)
    USB_FIQHandler                           0x0000018b   Thumb Code     0  startup_lpc11xx.o(.text)
    USB_IRQHandler                           0x0000018b   Thumb Code     0  startup_lpc11xx.o(.text)
    WAKEUP_IRQHandler                        0x0000018b   Thumb Code     0  startup_lpc11xx.o(.text)
    WDT_IRQHandler                           0x0000018b   Thumb Code     0  startup_lpc11xx.o(.text)
    __user_initial_stackheap                 0x0000018d   Thumb Code     0  startup_lpc11xx.o(.text)
    __2sprintf                               0x000001a9   Thumb Code    36  noretval__2sprintf.o(.text)
    __printf                                 0x000001d1   Thumb Code   108  __printf.o(.text)
    _printf_int_dec                          0x0000023d   Thumb Code    90  _printf_dec.o(.text)
    __use_two_region_memory                  0x000002a9   Thumb Code     2  heapauxi.o(.text)
    __rt_heap_escrow$2region                 0x000002ab   Thumb Code     2  heapauxi.o(.text)
    __rt_heap_expand$2region                 0x000002ad   Thumb Code     2  heapauxi.o(.text)
    _printf_char_common                      0x000002bb   Thumb Code    32  _printf_char_common.o(.text)
    _sputc                                   0x000002e1   Thumb Code    10  _sputc.o(.text)
    exit                                     0x000002eb   Thumb Code    16  exit.o(.text)
    __I$use$semihosting                      0x000002fb   Thumb Code     0  use_no_semi.o(.text)
    __use_no_semihosting_swi                 0x000002fb   Thumb Code     2  use_no_semi.o(.text)
    __aeabi_uidiv                            0x00000301   Thumb Code     0  aeabi_sdiv.o(.text)
    __aeabi_uidivmod                         0x00000301   Thumb Code    20  aeabi_sdiv.o(.text)
    __aeabi_idiv                             0x00000315   Thumb Code     0  aeabi_sdiv.o(.text)
    __aeabi_idivmod                          0x00000315   Thumb Code   326  aeabi_sdiv.o(.text)
    _printf_int_common                       0x0000045b   Thumb Code   176  _printf_intcommon.o(.text)
    __rt_udiv10                              0x0000050b   Thumb Code    40  rtudiv10.o(.text)
    __user_setup_stackheap                   0x00000533   Thumb Code    62  sys_stackheap_outer.o(.text)
    __user_libspace                          0x00000571   Thumb Code     8  libspace.o(.text)
    __user_perproc_libspace                  0x00000571   Thumb Code     0  libspace.o(.text)
    __user_perthread_libspace                0x00000571   Thumb Code     0  libspace.o(.text)
    _sys_exit                                0x00000579   Thumb Code     8  sys_exit.o(.text)
    DHT11                                    0x00000585   Thumb Code   382  dht11.o(i.DHT11)
    __semihosting_library_function           0x00000585   Thumb Code     0  indicate_semi.o(.text)
    Fill_RAM                                 0x00000703   Thumb Code    48  oled2864.o(i.Fill_RAM)
    GPIOGetValue                             0x00000735   Thumb Code    18  gpio.o(i.GPIOGetValue)
    GPIOInit                                 0x0000074d   Thumb Code    40  gpio.o(i.GPIOInit)
    GPIOSetDir                               0x00000779   Thumb Code    78  gpio.o(i.GPIOSetDir)
    GPIOSetValue                             0x000007cd   Thumb Code    22  gpio.o(i.GPIOSetValue)
    Main_PLL_Setup                           0x000007e9   Thumb Code   142  system_lpc11xx.o(i.Main_PLL_Setup)
    OLED_DisChar                             0x000009a9   Thumb Code   120  oled2864.o(i.OLED_DisChar)
    OLED_DisStrLine                          0x00000a25   Thumb Code    68  oled2864.o(i.OLED_DisStrLine)
    OLED_Init_I                              0x00000a69   Thumb Code   116  oled2864.o(i.OLED_Init_I)
    SPI_IOConfig                             0x00000add   Thumb Code   392  ssp.o(i.SPI_IOConfig)
    SPI_Init                                 0x00000c6d   Thumb Code   124  ssp.o(i.SPI_Init)
    SPI_PutGet                               0x00000cf1   Thumb Code   114  ssp.o(i.SPI_PutGet)
    SSP0_IRQHandler                          0x00000d6d   Thumb Code    72  ssp.o(i.SSP0_IRQHandler)
    SSP1_IRQHandler                          0x00000dc5   Thumb Code    72  ssp.o(i.SSP1_IRQHandler)
    Set_Addressing_Mode                      0x00000e1d   Thumb Code    18  oled2864.o(i.Set_Addressing_Mode)
    Set_Charge_Pump                          0x00000e2f   Thumb Code    22  oled2864.o(i.Set_Charge_Pump)
    Set_Common_Config                        0x00000e45   Thumb Code    22  oled2864.o(i.Set_Common_Config)
    Set_Common_Remap                         0x00000e5b   Thumb Code    16  oled2864.o(i.Set_Common_Remap)
    Set_Contrast_Control                     0x00000e6b   Thumb Code    18  oled2864.o(i.Set_Contrast_Control)
    Set_Display_Clock                        0x00000e7d   Thumb Code    18  oled2864.o(i.Set_Display_Clock)
    Set_Display_Offset                       0x00000e8f   Thumb Code    18  oled2864.o(i.Set_Display_Offset)
    Set_Display_On_Off                       0x00000ea1   Thumb Code    16  oled2864.o(i.Set_Display_On_Off)
    Set_Entire_Display                       0x00000eb1   Thumb Code    16  oled2864.o(i.Set_Entire_Display)
    Set_Inverse_Display                      0x00000ec1   Thumb Code    16  oled2864.o(i.Set_Inverse_Display)
    Set_Multiplex_Ratio                      0x00000ed1   Thumb Code    18  oled2864.o(i.Set_Multiplex_Ratio)
    Set_Precharge_Period                     0x00000ee3   Thumb Code    18  oled2864.o(i.Set_Precharge_Period)
    Set_Segment_Remap                        0x00000ef5   Thumb Code    16  oled2864.o(i.Set_Segment_Remap)
    Set_Start_Column                         0x00000f05   Thumb Code    44  oled2864.o(i.Set_Start_Column)
    Set_Start_Line                           0x00000f31   Thumb Code    16  oled2864.o(i.Set_Start_Line)
    Set_Start_Page                           0x00000f41   Thumb Code    16  oled2864.o(i.Set_Start_Page)
    Set_VCOMH                                0x00000f51   Thumb Code    18  oled2864.o(i.Set_VCOMH)
    SysTick_Handler                          0x00000f65   Thumb Code    58  main.o(i.SysTick_Handler)
    SystemInit                               0x00000fa5   Thumb Code    58  system_lpc11xx.o(i.SystemInit)
    TIMER16_1_IRQHandler                     0x00000fe9   Thumb Code    44  speaker.o(i.TIMER16_1_IRQHandler)
    Write_Command                            0x00001019   Thumb Code    54  oled2864.o(i.Write_Command)
    Write_Data                               0x0000104f   Thumb Code    54  oled2864.o(i.Write_Data)
    delay_ms                                 0x00001085   Thumb Code   140  tools.o(i.delay_ms)
    fan_init                                 0x00001119   Thumb Code    24  fan.o(i.fan_init)
    fan_off                                  0x00001131   Thumb Code    14  fan.o(i.fan_off)
    fan_on                                   0x0000113f   Thumb Code    14  fan.o(i.fan_on)
    led_init                                 0x0000114d   Thumb Code    50  led.o(i.led_init)
    led_off                                  0x00001189   Thumb Code    36  led.o(i.led_off)
    led_on                                   0x000011b1   Thumb Code    34  led.o(i.led_on)
    main                                     0x000011d9   Thumb Code   258  main.o(i.main)
    speaker_init                             0x00001319   Thumb Code    82  speaker.o(i.speaker_init)
    speaker_off                              0x0000137d   Thumb Code     8  speaker.o(i.speaker_off)
    speaker_on                               0x00001389   Thumb Code     8  speaker.o(i.speaker_on)
    timer16_interrupt                        0x00001395   Thumb Code   106  speaker.o(i.timer16_interrupt)
    timer16_ms                               0x00001411   Thumb Code    92  speaker.o(i.timer16_ms)
    UniV                                     0x00001498   Data         192  oled2864.o(.constdata)
    Ascii_1                                  0x00001558   Data        1205  oled2864.o(.constdata)
    Ascii_2                                  0x00001a0d   Data         535  oled2864.o(.constdata)
    Region$$Table$$Base                      0x00001c24   Number         0  anon$$obj.o(Region$$Table)
    Region$$Table$$Limit                     0x00001c44   Number         0  anon$$obj.o(Region$$Table)
    interruptRxStat0                         0x10000004   Data           4  ssp.o(.data)
    interruptOverRunStat0                    0x10000008   Data           4  ssp.o(.data)
    interruptRxTimeoutStat0                  0x1000000c   Data           4  ssp.o(.data)
    interruptRxStat1                         0x10000010   Data           4  ssp.o(.data)
    interruptOverRunStat1                    0x10000014   Data           4  ssp.o(.data)
    interruptRxTimeoutStat1                  0x10000018   Data           4  ssp.o(.data)
    ClockSource                              0x1000001c   Data           4  system_lpc11xx.o(.data)
    SystemFrequency                          0x10000020   Data           4  system_lpc11xx.o(.data)
    SystemAHBFrequency                       0x10000024   Data           4  system_lpc11xx.o(.data)
    __libspace_start                         0x10000028   Data          96  libspace.o(.bss)
    __temporary_stack_top$libspace           0x10000088   Data           0  libspace.o(.bss)



==============================================================================

Memory Map of the image

  Image Entry point : 0x000000c1

  Load Region LR_IROM1 (Base: 0x00000000, Size: 0x00001c6c, Max: 0x00008000, ABSOLUTE)

    Execution Region ER_IROM1 (Exec base: 0x00000000, Load base: 0x00000000, Size: 0x00001c44, Max: 0x00008000, ABSOLUTE)

    Exec Addr    Load Addr    Size         Type   Attr      Idx    E Section Name        Object

    0x00000000   0x00000000   0x000000c0   Data   RO          647    RESET               startup_lpc11xx.o
    0x000000c0   0x000000c0   0x00000008   Code   RO          718  * !!!main             c_p.l(__main.o)
    0x000000c8   0x000000c8   0x0000003c   Code   RO          898    !!!scatter          c_p.l(__scatter.o)
    0x00000104   0x00000104   0x0000001a   Code   RO          900    !!handler_copy      c_p.l(__scatter_copy.o)
    0x0000011e   0x0000011e   0x00000002   PAD
    0x00000120   0x00000120   0x0000001c   Code   RO          902    !!handler_zi        c_p.l(__scatter_zi.o)
    0x0000013c   0x0000013c   0x00000002   Code   RO          711    .ARM.Collect$$_printf_percent$$00000000  c_p.l(_printf_percent.o)
    0x0000013e   0x0000013e   0x0000000a   Code   RO          710    .ARM.Collect$$_printf_percent$$00000009  c_p.l(_printf_d.o)
    0x00000148   0x00000148   0x00000004   Code   RO          731    .ARM.Collect$$_printf_percent$$00000017  c_p.l(_printf_percent_end.o)
    0x0000014c   0x0000014c   0x00000002   Code   RO          767    .ARM.Collect$$libinit$$00000000  c_p.l(libinit.o)
    0x0000014e   0x0000014e   0x00000000   Code   RO          781    .ARM.Collect$$libinit$$00000002  c_p.l(libinit2.o)
    0x0000014e   0x0000014e   0x00000000   Code   RO          783    .ARM.Collect$$libinit$$00000004  c_p.l(libinit2.o)
    0x0000014e   0x0000014e   0x00000000   Code   RO          786    .ARM.Collect$$libinit$$0000000A  c_p.l(libinit2.o)
    0x0000014e   0x0000014e   0x00000000   Code   RO          788    .ARM.Collect$$libinit$$0000000C  c_p.l(libinit2.o)
    0x0000014e   0x0000014e   0x00000000   Code   RO          790    .ARM.Collect$$libinit$$0000000E  c_p.l(libinit2.o)
    0x0000014e   0x0000014e   0x00000000   Code   RO          793    .ARM.Collect$$libinit$$00000011  c_p.l(libinit2.o)
    0x0000014e   0x0000014e   0x00000000   Code   RO          795    .ARM.Collect$$libinit$$00000013  c_p.l(libinit2.o)
    0x0000014e   0x0000014e   0x00000000   Code   RO          797    .ARM.Collect$$libinit$$00000015  c_p.l(libinit2.o)
    0x0000014e   0x0000014e   0x00000000   Code   RO          799    .ARM.Collect$$libinit$$00000017  c_p.l(libinit2.o)
    0x0000014e   0x0000014e   0x00000000   Code   RO          801    .ARM.Collect$$libinit$$00000019  c_p.l(libinit2.o)
    0x0000014e   0x0000014e   0x00000000   Code   RO          803    .ARM.Collect$$libinit$$0000001B  c_p.l(libinit2.o)
    0x0000014e   0x0000014e   0x00000000   Code   RO          805    .ARM.Collect$$libinit$$0000001D  c_p.l(libinit2.o)
    0x0000014e   0x0000014e   0x00000000   Code   RO          807    .ARM.Collect$$libinit$$0000001F  c_p.l(libinit2.o)
    0x0000014e   0x0000014e   0x00000000   Code   RO          809    .ARM.Collect$$libinit$$00000021  c_p.l(libinit2.o)
    0x0000014e   0x0000014e   0x00000000   Code   RO          811    .ARM.Collect$$libinit$$00000023  c_p.l(libinit2.o)
    0x0000014e   0x0000014e   0x00000000   Code   RO          813    .ARM.Collect$$libinit$$00000025  c_p.l(libinit2.o)
    0x0000014e   0x0000014e   0x00000000   Code   RO          817    .ARM.Collect$$libinit$$0000002C  c_p.l(libinit2.o)
    0x0000014e   0x0000014e   0x00000000   Code   RO          819    .ARM.Collect$$libinit$$0000002E  c_p.l(libinit2.o)
    0x0000014e   0x0000014e   0x00000000   Code   RO          821    .ARM.Collect$$libinit$$00000030  c_p.l(libinit2.o)
    0x0000014e   0x0000014e   0x00000000   Code   RO          823    .ARM.Collect$$libinit$$00000032  c_p.l(libinit2.o)
    0x0000014e   0x0000014e   0x00000002   Code   RO          824    .ARM.Collect$$libinit$$00000033  c_p.l(libinit2.o)
    0x00000150   0x00000150   0x00000002   Code   RO          855    .ARM.Collect$$libshutdown$$00000000  c_p.l(libshutdown.o)
    0x00000152   0x00000152   0x00000000   Code   RO          881    .ARM.Collect$$libshutdown$$00000002  c_p.l(libshutdown2.o)
    0x00000152   0x00000152   0x00000000   Code   RO          883    .ARM.Collect$$libshutdown$$00000004  c_p.l(libshutdown2.o)
    0x00000152   0x00000152   0x00000000   Code   RO          886    .ARM.Collect$$libshutdown$$00000007  c_p.l(libshutdown2.o)
    0x00000152   0x00000152   0x00000000   Code   RO          889    .ARM.Collect$$libshutdown$$0000000A  c_p.l(libshutdown2.o)
    0x00000152   0x00000152   0x00000000   Code   RO          891    .ARM.Collect$$libshutdown$$0000000C  c_p.l(libshutdown2.o)
    0x00000152   0x00000152   0x00000000   Code   RO          894    .ARM.Collect$$libshutdown$$0000000F  c_p.l(libshutdown2.o)
    0x00000152   0x00000152   0x00000002   Code   RO          895    .ARM.Collect$$libshutdown$$00000010  c_p.l(libshutdown2.o)
    0x00000154   0x00000154   0x00000000   Code   RO          720    .ARM.Collect$$rtentry$$00000000  c_p.l(__rtentry.o)
    0x00000154   0x00000154   0x00000000   Code   RO          735    .ARM.Collect$$rtentry$$00000002  c_p.l(__rtentry2.o)
    0x00000154   0x00000154   0x00000006   Code   RO          747    .ARM.Collect$$rtentry$$00000004  c_p.l(__rtentry4.o)
    0x0000015a   0x0000015a   0x00000000   Code   RO          737    .ARM.Collect$$rtentry$$00000009  c_p.l(__rtentry2.o)
    0x0000015a   0x0000015a   0x00000004   Code   RO          738    .ARM.Collect$$rtentry$$0000000A  c_p.l(__rtentry2.o)
    0x0000015e   0x0000015e   0x00000000   Code   RO          740    .ARM.Collect$$rtentry$$0000000C  c_p.l(__rtentry2.o)
    0x0000015e   0x0000015e   0x00000008   Code   RO          741    .ARM.Collect$$rtentry$$0000000D  c_p.l(__rtentry2.o)
    0x00000166   0x00000166   0x00000002   Code   RO          772    .ARM.Collect$$rtexit$$00000000  c_p.l(rtexit.o)
    0x00000168   0x00000168   0x00000000   Code   RO          828    .ARM.Collect$$rtexit$$00000002  c_p.l(rtexit2.o)
    0x00000168   0x00000168   0x00000004   Code   RO          829    .ARM.Collect$$rtexit$$00000003  c_p.l(rtexit2.o)
    0x0000016c   0x0000016c   0x00000006   Code   RO          830    .ARM.Collect$$rtexit$$00000004  c_p.l(rtexit2.o)
    0x00000172   0x00000172   0x00000002   PAD
    0x00000174   0x00000174   0x00000034   Code   RO          649    .text               startup_lpc11xx.o
    0x000001a8   0x000001a8   0x00000028   Code   RO          684    .text               c_p.l(noretval__2sprintf.o)
    0x000001d0   0x000001d0   0x0000006c   Code   RO          686    .text               c_p.l(__printf.o)
    0x0000023c   0x0000023c   0x0000006c   Code   RO          688    .text               c_p.l(_printf_dec.o)
    0x000002a8   0x000002a8   0x00000006   Code   RO          716    .text               c_p.l(heapauxi.o)
    0x000002ae   0x000002ae   0x00000002   PAD
    0x000002b0   0x000002b0   0x00000030   Code   RO          727    .text               c_p.l(_printf_char_common.o)
    0x000002e0   0x000002e0   0x0000000a   Code   RO          729    .text               c_p.l(_sputc.o)
    0x000002ea   0x000002ea   0x00000010   Code   RO          756    .text               c_p.l(exit.o)
    0x000002fa   0x000002fa   0x00000002   Code   RO          844    .text               c_p.l(use_no_semi.o)
    0x000002fc   0x000002fc   0x00000004   Code   RO          648    .ARM.__at_0x02FC    startup_lpc11xx.o
    0x00000300   0x00000300   0x0000015a   Code   RO          712    .text               c_p.l(aeabi_sdiv.o)
    0x0000045a   0x0000045a   0x000000b0   Code   RO          725    .text               c_p.l(_printf_intcommon.o)
    0x0000050a   0x0000050a   0x00000028   Code   RO          732    .text               c_p.l(rtudiv10.o)
    0x00000532   0x00000532   0x0000003e   Code   RO          753    .text               c_p.l(sys_stackheap_outer.o)
    0x00000570   0x00000570   0x00000008   Code   RO          768    .text               c_p.l(libspace.o)
    0x00000578   0x00000578   0x0000000c   Code   RO          825    .text               c_p.l(sys_exit.o)
    0x00000584   0x00000584   0x00000000   Code   RO          846    .text               c_p.l(indicate_semi.o)
    0x00000584   0x00000584   0x0000017e   Code   RO          182    i.DHT11             dht11.o
    0x00000702   0x00000702   0x00000030   Code   RO          373    i.Fill_RAM          oled2864.o
    0x00000732   0x00000732   0x00000002   PAD
    0x00000734   0x00000734   0x00000018   Code   RO          205    i.GPIOGetValue      gpio.o
    0x0000074c   0x0000074c   0x0000002c   Code   RO          206    i.GPIOInit          gpio.o
    0x00000778   0x00000778   0x00000054   Code   RO          211    i.GPIOSetDir        gpio.o
    0x000007cc   0x000007cc   0x0000001c   Code   RO          213    i.GPIOSetValue      gpio.o
    0x000007e8   0x000007e8   0x000000a8   Code   RO          656    i.Main_PLL_Setup    system_lpc11xx.o
    0x00000890   0x00000890   0x00000014   Code   RO          214    i.NVIC_EnableIRQ    gpio.o
    0x000008a4   0x000008a4   0x00000014   Code   RO          275    i.NVIC_EnableIRQ    ssp.o
    0x000008b8   0x000008b8   0x00000078   Code   RO            1    i.NVIC_SetPriority  main.o
    0x00000930   0x00000930   0x00000078   Code   RO          120    i.NVIC_SetPriority  speaker.o
    0x000009a8   0x000009a8   0x0000007c   Code   RO          377    i.OLED_DisChar      oled2864.o
    0x00000a24   0x00000a24   0x00000044   Code   RO          378    i.OLED_DisStrLine   oled2864.o
    0x00000a68   0x00000a68   0x00000074   Code   RO          380    i.OLED_Init_I       oled2864.o
    0x00000adc   0x00000adc   0x00000190   Code   RO          276    i.SPI_IOConfig      ssp.o
    0x00000c6c   0x00000c6c   0x00000084   Code   RO          277    i.SPI_Init          ssp.o
    0x00000cf0   0x00000cf0   0x0000007c   Code   RO          278    i.SPI_PutGet        ssp.o
    0x00000d6c   0x00000d6c   0x00000058   Code   RO          279    i.SSP0_IRQHandler   ssp.o
    0x00000dc4   0x00000dc4   0x00000058   Code   RO          280    i.SSP1_IRQHandler   ssp.o
    0x00000e1c   0x00000e1c   0x00000012   Code   RO          382    i.Set_Addressing_Mode  oled2864.o
    0x00000e2e   0x00000e2e   0x00000016   Code   RO          383    i.Set_Charge_Pump   oled2864.o
    0x00000e44   0x00000e44   0x00000016   Code   RO          385    i.Set_Common_Config  oled2864.o
    0x00000e5a   0x00000e5a   0x00000010   Code   RO          386    i.Set_Common_Remap  oled2864.o
    0x00000e6a   0x00000e6a   0x00000012   Code   RO          387    i.Set_Contrast_Control  oled2864.o
    0x00000e7c   0x00000e7c   0x00000012   Code   RO          388    i.Set_Display_Clock  oled2864.o
    0x00000e8e   0x00000e8e   0x00000012   Code   RO          389    i.Set_Display_Offset  oled2864.o
    0x00000ea0   0x00000ea0   0x00000010   Code   RO          390    i.Set_Display_On_Off  oled2864.o
    0x00000eb0   0x00000eb0   0x00000010   Code   RO          391    i.Set_Entire_Display  oled2864.o
    0x00000ec0   0x00000ec0   0x00000010   Code   RO          392    i.Set_Inverse_Display  oled2864.o
    0x00000ed0   0x00000ed0   0x00000012   Code   RO          393    i.Set_Multiplex_Ratio  oled2864.o
    0x00000ee2   0x00000ee2   0x00000012   Code   RO          396    i.Set_Precharge_Period  oled2864.o
    0x00000ef4   0x00000ef4   0x00000010   Code   RO          397    i.Set_Segment_Remap  oled2864.o
    0x00000f04   0x00000f04   0x0000002c   Code   RO          398    i.Set_Start_Column  oled2864.o
    0x00000f30   0x00000f30   0x00000010   Code   RO          399    i.Set_Start_Line    oled2864.o
    0x00000f40   0x00000f40   0x00000010   Code   RO          400    i.Set_Start_Page    oled2864.o
    0x00000f50   0x00000f50   0x00000012   Code   RO          401    i.Set_VCOMH         oled2864.o
    0x00000f62   0x00000f62   0x00000002   PAD
    0x00000f64   0x00000f64   0x00000040   Code   RO            2    i.SysTick_Handler   main.o
    0x00000fa4   0x00000fa4   0x00000044   Code   RO          657    i.SystemInit        system_lpc11xx.o
    0x00000fe8   0x00000fe8   0x00000030   Code   RO          121    i.TIMER16_1_IRQHandler  speaker.o
    0x00001018   0x00001018   0x00000036   Code   RO          408    i.Write_Command     oled2864.o
    0x0000104e   0x0000104e   0x00000036   Code   RO          409    i.Write_Data        oled2864.o
    0x00001084   0x00001084   0x00000094   Code   RO          345    i.delay_ms          tools.o
    0x00001118   0x00001118   0x00000018   Code   RO           94    i.fan_init          fan.o
    0x00001130   0x00001130   0x0000000e   Code   RO           95    i.fan_off           fan.o
    0x0000113e   0x0000113e   0x0000000e   Code   RO           96    i.fan_on            fan.o
    0x0000114c   0x0000114c   0x0000003c   Code   RO           67    i.led_init          led.o
    0x00001188   0x00001188   0x00000028   Code   RO           68    i.led_off           led.o
    0x000011b0   0x000011b0   0x00000028   Code   RO           69    i.led_on            led.o
    0x000011d8   0x000011d8   0x00000140   Code   RO            3    i.main              main.o
    0x00001318   0x00001318   0x00000064   Code   RO          122    i.speaker_init      speaker.o
    0x0000137c   0x0000137c   0x0000000c   Code   RO          123    i.speaker_off       speaker.o
    0x00001388   0x00001388   0x0000000c   Code   RO          124    i.speaker_on        speaker.o
    0x00001394   0x00001394   0x0000007c   Code   RO          126    i.timer16_interrupt  speaker.o
    0x00001410   0x00001410   0x00000068   Code   RO          128    i.timer16_ms        speaker.o
    0x00001478   0x00001478   0x00000010   Data   RO          215    .constdata          gpio.o
    0x00001488   0x00001488   0x0000079c   Data   RO          411    .constdata          oled2864.o
    0x00001c24   0x00001c24   0x00000020   Data   RO          896    Region$$Table       anon$$obj.o


    Execution Region RW_IRAM1 (Exec base: 0x10000000, Load base: 0x00001c44, Size: 0x00000288, Max: 0x00002000, ABSOLUTE)

    Exec Addr    Load Addr    Size         Type   Attr      Idx    E Section Name        Object

    0x10000000   0x00001c44   0x00000004   Data   RW            5    .data               main.o
    0x10000004   0x00001c48   0x00000018   Data   RW          287    .data               ssp.o
    0x1000001c   0x00001c60   0x0000000c   Data   RW          658    .data               system_lpc11xx.o
    0x10000028        -       0x00000060   Zero   RW          769    .bss                c_p.l(libspace.o)
    0x10000088        -       0x00000000   Zero   RW          646    HEAP                startup_lpc11xx.o
    0x10000088        -       0x00000200   Zero   RW          645    STACK               startup_lpc11xx.o


==============================================================================

Image component sizes


      Code (inc. data)   RO Data    RW Data    ZI Data      Debug   Object Name

       382          0          0          0          0       9124   dht11.o
        52          0          0          0          0       1214   fan.o
       200         28         16          0          0      10474   gpio.o
       140         20          0          0          0       1258   led.o
       504         78          0          4          0      21569   main.o
       790          4       1948          0          0      13875   oled2864.o
       520         70          0          0          0      11038   speaker.o
       852         64          0         24          0       4578   ssp.o
        56         22        192          0        512       1076   startup_lpc11xx.o
       236         36          0         12          0       1419   system_lpc11xx.o
       148          8          0          0          0        843   tools.o

    ----------------------------------------------------------------------
      3884        330       2188         40        512      76468   Object Totals
         0          0         32          0          0          0   (incl. Generated)
         4          0          0          0          0          0   (incl. Padding)

    ----------------------------------------------------------------------

      Code (inc. data)   RO Data    RW Data    ZI Data      Debug   Library Member Name

         8          0          0          0          0         68   __main.o
       108          0          0          0          0         76   __printf.o
         0          0          0          0          0          0   __rtentry.o
        12          0          0          0          0          0   __rtentry2.o
         6          0          0          0          0          0   __rtentry4.o
        60          8          0          0          0          0   __scatter.o
        26          0          0          0          0          0   __scatter_copy.o
        28          0          0          0          0          0   __scatter_zi.o
        48          6          0          0          0         88   _printf_char_common.o
        10          0          0          0          0          0   _printf_d.o
       108         18          0          0          0         76   _printf_dec.o
       176          0          0          0          0         84   _printf_intcommon.o
         2          0          0          0          0          0   _printf_percent.o
         4          0          0          0          0          0   _printf_percent_end.o
        10          0          0          0          0         60   _sputc.o
       346          0          0          0          0         92   aeabi_sdiv.o
        16          0          0          0          0         68   exit.o
         6          0          0          0          0        136   heapauxi.o
         0          0          0          0          0          0   indicate_semi.o
         2          0          0          0          0          0   libinit.o
         2          0          0          0          0          0   libinit2.o
         2          0          0          0          0          0   libshutdown.o
         2          0          0          0          0          0   libshutdown2.o
         8          4          0          0         96         68   libspace.o
        40          4          0          0          0         84   noretval__2sprintf.o
         2          0          0          0          0          0   rtexit.o
        10          0          0          0          0          0   rtexit2.o
        40          0          0          0          0         60   rtudiv10.o
        12          4          0          0          0         60   sys_exit.o
        62          0          0          0          0         80   sys_stackheap_outer.o
         2          0          0          0          0         68   use_no_semi.o

    ----------------------------------------------------------------------
      1164         44          0          0         96       1168   Library Totals
         6          0          0          0          0          0   (incl. Padding)

    ----------------------------------------------------------------------

      Code (inc. data)   RO Data    RW Data    ZI Data      Debug   Library Name

      1158         44          0          0         96       1168   c_p.l

    ----------------------------------------------------------------------
      1164         44          0          0         96       1168   Library Totals

    ----------------------------------------------------------------------

==============================================================================


      Code (inc. data)   RO Data    RW Data    ZI Data      Debug   

      5048        374       2188         40        608      74896   Grand Totals
      5048        374       2188         40        608      74896   ELF Image Totals
      5048        374       2188         40          0          0   ROM Totals

==============================================================================

    Total RO  Size (Code + RO Data)                 7236 (   7.07kB)
    Total RW  Size (RW Data + ZI Data)               648 (   0.63kB)
    Total ROM Size (Code + RO Data + RW Data)       7276 (   7.11kB)

==============================================================================

